Archive member included to satisfy reference by file (symbol)

/usr/lib/gcc/arm-none-eabi/10.3.1/thumb/v6-m/nofp/libgcc.a(_dvmd_tls.o)
                              CMakeFiles/serialScratch.dir/home/arun/pico/pico-sdk/src/rp2_common/pico_divider/divider.S.obj (__aeabi_idiv0)
/usr/lib/gcc/arm-none-eabi/10.3.1/../../../arm-none-eabi/lib/thumb/v6-m/nofp/libg.a(lib_a-atexit.o)
                              /usr/lib/gcc/arm-none-eabi/10.3.1/../../../arm-none-eabi/lib/thumb/v6-m/nofp/crt0.o (atexit)
/usr/lib/gcc/arm-none-eabi/10.3.1/../../../arm-none-eabi/lib/thumb/v6-m/nofp/libg.a(lib_a-calloc.o)
                              CMakeFiles/serialScratch.dir/home/arun/pico/pico-sdk/src/rp2_common/pico_malloc/pico_malloc.c.obj (calloc)
/usr/lib/gcc/arm-none-eabi/10.3.1/../../../arm-none-eabi/lib/thumb/v6-m/nofp/libg.a(lib_a-callocr.o)
                              /usr/lib/gcc/arm-none-eabi/10.3.1/../../../arm-none-eabi/lib/thumb/v6-m/nofp/libg.a(lib_a-calloc.o) (_calloc_r)
/usr/lib/gcc/arm-none-eabi/10.3.1/../../../arm-none-eabi/lib/thumb/v6-m/nofp/libg.a(lib_a-fini.o)
                              /usr/lib/gcc/arm-none-eabi/10.3.1/../../../arm-none-eabi/lib/thumb/v6-m/nofp/crt0.o (__libc_fini_array)
/usr/lib/gcc/arm-none-eabi/10.3.1/../../../arm-none-eabi/lib/thumb/v6-m/nofp/libg.a(lib_a-impure.o)
                              /usr/lib/gcc/arm-none-eabi/10.3.1/../../../arm-none-eabi/lib/thumb/v6-m/nofp/libg.a(lib_a-calloc.o) (_impure_ptr)
/usr/lib/gcc/arm-none-eabi/10.3.1/../../../arm-none-eabi/lib/thumb/v6-m/nofp/libg.a(lib_a-init.o)
                              /usr/lib/gcc/arm-none-eabi/10.3.1/../../../arm-none-eabi/lib/thumb/v6-m/nofp/crt0.o (__libc_init_array)
/usr/lib/gcc/arm-none-eabi/10.3.1/../../../arm-none-eabi/lib/thumb/v6-m/nofp/libg.a(lib_a-malloc.o)
                              CMakeFiles/serialScratch.dir/home/arun/pico/pico-sdk/src/rp2_common/pico_malloc/pico_malloc.c.obj (malloc)
/usr/lib/gcc/arm-none-eabi/10.3.1/../../../arm-none-eabi/lib/thumb/v6-m/nofp/libg.a(lib_a-mallocr.o)
                              /usr/lib/gcc/arm-none-eabi/10.3.1/../../../arm-none-eabi/lib/thumb/v6-m/nofp/libg.a(lib_a-callocr.o) (_malloc_r)
/usr/lib/gcc/arm-none-eabi/10.3.1/../../../arm-none-eabi/lib/thumb/v6-m/nofp/libg.a(lib_a-mlock.o)
                              /usr/lib/gcc/arm-none-eabi/10.3.1/../../../arm-none-eabi/lib/thumb/v6-m/nofp/libg.a(lib_a-mallocr.o) (__malloc_lock)
/usr/lib/gcc/arm-none-eabi/10.3.1/../../../arm-none-eabi/lib/thumb/v6-m/nofp/libg.a(lib_a-realloc.o)
                              CMakeFiles/serialScratch.dir/home/arun/pico/pico-sdk/src/rp2_common/pico_malloc/pico_malloc.c.obj (realloc)
/usr/lib/gcc/arm-none-eabi/10.3.1/../../../arm-none-eabi/lib/thumb/v6-m/nofp/libg.a(lib_a-reallocr.o)
                              /usr/lib/gcc/arm-none-eabi/10.3.1/../../../arm-none-eabi/lib/thumb/v6-m/nofp/libg.a(lib_a-realloc.o) (_realloc_r)
/usr/lib/gcc/arm-none-eabi/10.3.1/../../../arm-none-eabi/lib/thumb/v6-m/nofp/libg.a(lib_a-sbrkr.o)
                              /usr/lib/gcc/arm-none-eabi/10.3.1/../../../arm-none-eabi/lib/thumb/v6-m/nofp/libg.a(lib_a-mallocr.o) (_sbrk_r)
/usr/lib/gcc/arm-none-eabi/10.3.1/../../../arm-none-eabi/lib/thumb/v6-m/nofp/libg.a(lib_a-strlen-stub.o)
                              CMakeFiles/serialScratch.dir/home/arun/pico/pico-sdk/src/rp2_common/pico_stdio/stdio.c.obj (strlen)
/usr/lib/gcc/arm-none-eabi/10.3.1/../../../arm-none-eabi/lib/thumb/v6-m/nofp/libg.a(lib_a-__atexit.o)
                              /usr/lib/gcc/arm-none-eabi/10.3.1/../../../arm-none-eabi/lib/thumb/v6-m/nofp/libg.a(lib_a-atexit.o) (__register_exitproc)
/usr/lib/gcc/arm-none-eabi/10.3.1/../../../arm-none-eabi/lib/thumb/v6-m/nofp/libg.a(lib_a-freer.o)
                              /usr/lib/gcc/arm-none-eabi/10.3.1/../../../arm-none-eabi/lib/thumb/v6-m/nofp/libg.a(lib_a-malloc.o) (_free_r)
/usr/lib/gcc/arm-none-eabi/10.3.1/../../../arm-none-eabi/lib/thumb/v6-m/nofp/libg.a(lib_a-memmove.o)
                              /usr/lib/gcc/arm-none-eabi/10.3.1/../../../arm-none-eabi/lib/thumb/v6-m/nofp/libg.a(lib_a-reallocr.o) (memmove)
/usr/lib/gcc/arm-none-eabi/10.3.1/../../../arm-none-eabi/lib/thumb/v6-m/nofp/libg.a(lib_a-reent.o)
                              /usr/lib/gcc/arm-none-eabi/10.3.1/../../../arm-none-eabi/lib/thumb/v6-m/nofp/libg.a(lib_a-sbrkr.o) (errno)

Discarded input sections

 .text          0x0000000000000000        0x0 /usr/lib/gcc/arm-none-eabi/10.3.1/thumb/v6-m/nofp/crti.o
 .data          0x0000000000000000        0x0 /usr/lib/gcc/arm-none-eabi/10.3.1/thumb/v6-m/nofp/crti.o
 .bss           0x0000000000000000        0x0 /usr/lib/gcc/arm-none-eabi/10.3.1/thumb/v6-m/nofp/crti.o
 .data          0x0000000000000000        0x4 /usr/lib/gcc/arm-none-eabi/10.3.1/thumb/v6-m/nofp/crtbegin.o
 .rodata        0x0000000000000000       0x24 /usr/lib/gcc/arm-none-eabi/10.3.1/thumb/v6-m/nofp/crtbegin.o
[...]
Memory Configuration

Name             Origin             Length             Attributes
FLASH            0x0000000010000000 0x0000000000200000 xr
RAM              0x0000000020000000 0x0000000000040000 xrw
SCRATCH_X        0x0000000020040000 0x0000000000001000 xrw
SCRATCH_Y        0x0000000020041000 0x0000000000001000 xrw
*default*        0x0000000000000000 0xffffffffffffffff

Linker script and memory map

LOAD /usr/lib/gcc/arm-none-eabi/10.3.1/thumb/v6-m/nofp/crti.o
LOAD /usr/lib/gcc/arm-none-eabi/10.3.1/thumb/v6-m/nofp/crtbegin.o
LOAD /usr/lib/gcc/arm-none-eabi/10.3.1/../../../arm-none-eabi/lib/thumb/v6-m/nofp/crt0.o

.flash_begin    0x0000000010000000        0x0
                0x0000000010000000                __flash_binary_start = .

.boot2          0x0000000010000000      0x100
                0x0000000010000000                __boot2_start__ = .
 *(.boot2)
 .boot2         0x0000000010000000      0x100 /tmp/cc8tixuF.o
                0x0000000010000100                __boot2_end__ = .
                0x0000000000000001                ASSERT (((__boot2_end__ - __boot2_start__) == 0x100), ERROR: Pico second stage bootloader must be 256 bytes in size)

.text           0x0000000010000100     0x4b70
                0x0000000010000100                __logical_binary_start = .
 *(.vectors)
 .vectors       0x0000000010000100       0xd4 CMakeFiles/serialScratch.dir/home/arun/pico/pico-sdk/src/rp2_common/pico_standard_link/crt0.S.obj
                0x0000000010000100                __vectors
                0x0000000010000100                __VECTOR_TABLE
                0x00000000100001c0                isr_invalid
                0x00000000100001c0                __default_isrs_start
                0x00000000100001c2                isr_nmi
                0x00000000100001c4                isr_hardfault
                0x00000000100001c6                isr_svcall
                0x00000000100001c8                isr_pendsv
                0x00000000100001ca                isr_systick
                0x00000000100001cc                isr_irq30
                0x00000000100001cc                __unhandled_user_irq
                0x00000000100001cc                isr_irq13
                0x00000000100001cc                isr_irq27
                0x00000000100001cc                isr_irq31
                0x00000000100001cc                isr_irq5
                0x00000000100001cc                isr_irq11
                0x00000000100001cc                isr_irq23
                0x00000000100001cc                isr_irq18
                0x00000000100001cc                isr_irq28
                0x00000000100001cc                isr_irq19
                0x00000000100001cc                isr_irq0
                0x00000000100001cc                isr_irq6
                0x00000000100001cc                isr_irq22
                0x00000000100001cc                isr_irq17
                0x00000000100001cc                isr_irq14
                0x00000000100001cc                isr_irq2
                0x00000000100001cc                isr_irq10
                0x00000000100001cc                isr_irq8
                0x00000000100001cc                isr_irq24
                0x00000000100001cc                isr_irq1
                0x00000000100001cc                isr_irq7
                0x00000000100001cc                isr_irq21
                0x00000000100001cc                isr_irq20
                0x00000000100001cc                isr_irq15
                0x00000000100001cc                isr_irq25
                0x00000000100001cc                isr_irq4
                0x00000000100001cc                isr_irq16
                0x00000000100001cc                isr_irq29
                0x00000000100001cc                isr_irq26
                0x00000000100001cc                __default_isrs_end
                0x00000000100001cc                isr_irq3
                0x00000000100001cc                isr_irq12
                0x00000000100001cc                isr_irq9
                0x00000000100001d2                unhandled_user_irq_num_in_r0
 *(.binary_info_header)
 .binary_info_header
                0x00000000100001d4       0x14 CMakeFiles/serialScratch.dir/home/arun/pico/pico-sdk/src/rp2_common/pico_standard_link/crt0.S.obj
                0x00000000100001e8                __binary_info_header_end = .
 *(.reset)
 .reset         0x00000000100001e8       0xa0 CMakeFiles/serialScratch.dir/home/arun/pico/pico-sdk/src/rp2_common/pico_standard_link/crt0.S.obj
                0x00000000100001e8                _entry_point
 .reset         0x0000000010000288       0x30 CMakeFiles/serialScratch.dir/home/arun/pico/pico-sdk/src/rp2_common/pico_standard_link/binary_info.c.obj
 *(.init)
 .init          0x00000000100002b8        0x4 /usr/lib/gcc/arm-none-eabi/10.3.1/thumb/v6-m/nofp/crti.o
                0x00000000100002b8                _init
 *(EXCLUDE_FILE(*libm.a: *libc.a:*lib_a-mem*.o *libgcc.a:) .text*)
 .text          0x00000000100002bc       0x98 /usr/lib/gcc/arm-none-eabi/10.3.1/thumb/v6-m/nofp/crtbegin.o
 .text.recv_and_reply
                0x0000000010000354       0xfc CMakeFiles/serialScratch.dir/serialScratch.c.obj
                0x0000000010000354                recv_and_reply
 .text.main     0x0000000010000450       0x58 CMakeFiles/serialScratch.dir/serialScratch.c.obj
                0x0000000010000450                main
 .text.gpio_set_function
                0x00000000100004a8       0x30 CMakeFiles/serialScratch.dir/home/arun/pico/pico-sdk/src/rp2_common/hardware_gpio/gpio.c.obj
                0x00000000100004a8                gpio_set_function
 .text.running_on_fpga
                0x00000000100004d8       0x14 CMakeFiles/serialScratch.dir/home/arun/pico/pico-sdk/src/rp2_common/pico_platform/platform.c.obj
                0x00000000100004d8                running_on_fpga
 .text.hw_claim_lock
                0x00000000100004ec       0x18 CMakeFiles/serialScratch.dir/home/arun/pico/pico-sdk/src/rp2_common/hardware_claim/claim.c.obj
                0x00000000100004ec                hw_claim_lock
 .text.hw_claim_unlock
                0x0000000010000504       0x14 CMakeFiles/serialScratch.dir/home/arun/pico/pico-sdk/src/rp2_common/hardware_claim/claim.c.obj
                0x0000000010000504                hw_claim_unlock
 .text.hw_claim_or_assert
                0x0000000010000518       0x32 CMakeFiles/serialScratch.dir/home/arun/pico/pico-sdk/src/rp2_common/hardware_claim/claim.c.obj
                0x0000000010000518                hw_claim_or_assert
 *fill*         0x000000001000054a        0x2 
 .text.spin_locks_reset
                0x000000001000054c       0x20 CMakeFiles/serialScratch.dir/home/arun/pico/pico-sdk/src/rp2_common/hardware_sync/sync.c.obj
                0x000000001000054c                spin_locks_reset
 .text.next_striped_spin_lock_num
                0x000000001000056c       0x1c CMakeFiles/serialScratch.dir/home/arun/pico/pico-sdk/src/rp2_common/hardware_sync/sync.c.obj
                0x000000001000056c                next_striped_spin_lock_num
 .text.set_raw_irq_handler_and_unlock
                0x0000000010000588       0x28 CMakeFiles/serialScratch.dir/home/arun/pico/pico-sdk/src/rp2_common/hardware_irq/irq.c.obj
 .text.make_branch
                0x00000000100005b0       0x48 CMakeFiles/serialScratch.dir/home/arun/pico/pico-sdk/src/rp2_common/hardware_irq/irq.c.obj
 .text.insert_branch_and_link
                0x00000000100005f8       0x40 CMakeFiles/serialScratch.dir/home/arun/pico/pico-sdk/src/rp2_common/hardware_irq/irq.c.obj
 .text.irq_is_enabled
                0x0000000010000638       0x18 CMakeFiles/serialScratch.dir/home/arun/pico/pico-sdk/src/rp2_common/hardware_irq/irq.c.obj
                0x0000000010000638                irq_is_enabled
 .text.irq_set_mask_enabled
                0x0000000010000650       0x20 CMakeFiles/serialScratch.dir/home/arun/pico/pico-sdk/src/rp2_common/hardware_irq/irq.c.obj
                0x0000000010000650                irq_set_mask_enabled
 .text.irq_set_enabled
                0x0000000010000670        0xe CMakeFiles/serialScratch.dir/home/arun/pico/pico-sdk/src/rp2_common/hardware_irq/irq.c.obj
                0x0000000010000670                irq_set_enabled
 *fill*         0x000000001000067e        0x2 
 .text.irq_get_vtable_handler
                0x0000000010000680       0x10 CMakeFiles/serialScratch.dir/home/arun/pico/pico-sdk/src/rp2_common/hardware_irq/irq.c.obj
                0x0000000010000680                irq_get_vtable_handler
 .text.irq_set_exclusive_handler
                0x0000000010000690       0x54 CMakeFiles/serialScratch.dir/home/arun/pico/pico-sdk/src/rp2_common/hardware_irq/irq.c.obj
                0x0000000010000690                irq_set_exclusive_handler
 .text.irq_remove_handler
                0x00000000100006e4      0x1ac CMakeFiles/serialScratch.dir/home/arun/pico/pico-sdk/src/rp2_common/hardware_irq/irq.c.obj
                0x00000000100006e4                irq_remove_handler
 .text.irq_add_tail_to_free_list
                0x0000000010000890       0xf0 CMakeFiles/serialScratch.dir/home/arun/pico/pico-sdk/src/rp2_common/hardware_irq/irq.c.obj
                0x0000000010000890                irq_add_tail_to_free_list
 .text.irq_init_priorities
                0x0000000010000980       0x1c CMakeFiles/serialScratch.dir/home/arun/pico/pico-sdk/src/rp2_common/hardware_irq/irq.c.obj
                0x0000000010000980                irq_init_priorities
 .text.lock_init
                0x000000001000099c       0x10 CMakeFiles/serialScratch.dir/home/arun/pico/pico-sdk/src/common/pico_sync/lock_core.c.obj
                0x000000001000099c                lock_init
 .text.mutex_init
                0x00000000100009ac       0x1a CMakeFiles/serialScratch.dir/home/arun/pico/pico-sdk/src/common/pico_sync/mutex.c.obj
                0x00000000100009ac                mutex_init
 .text.recursive_mutex_init
                0x00000000100009c6       0x1e CMakeFiles/serialScratch.dir/home/arun/pico/pico-sdk/src/common/pico_sync/mutex.c.obj
                0x00000000100009c6                recursive_mutex_init
 .text.alarm_pool_post_alloc_init
                0x00000000100009e4       0x40 CMakeFiles/serialScratch.dir/home/arun/pico/pico-sdk/src/common/pico_time/time.c.obj
 .text.sleep_until_callback
                0x0000000010000a24       0x30 CMakeFiles/serialScratch.dir/home/arun/pico/pico-sdk/src/common/pico_time/time.c.obj
 .text.timer_pool_entry_comparator
                0x0000000010000a54       0x7c CMakeFiles/serialScratch.dir/home/arun/pico/pico-sdk/src/common/pico_time/time.c.obj
                0x0000000010000a54                timer_pool_entry_comparator
 .text.ph_add_child_node
                0x0000000010000ad0       0xa4 CMakeFiles/serialScratch.dir/home/arun/pico/pico-sdk/src/common/pico_time/time.c.obj
 .text.ph_merge_nodes
                0x0000000010000b74       0x3e CMakeFiles/serialScratch.dir/home/arun/pico/pico-sdk/src/common/pico_time/time.c.obj
 *fill*         0x0000000010000bb2        0x2 
 .text.add_alarm_under_lock
                0x0000000010000bb4      0x174 CMakeFiles/serialScratch.dir/home/arun/pico/pico-sdk/src/common/pico_time/time.c.obj
 .text.alarm_pool_alarm_callback
                0x0000000010000d28      0x33c CMakeFiles/serialScratch.dir/home/arun/pico/pico-sdk/src/common/pico_time/time.c.obj
 .text.alarm_pool_init_default
                0x0000000010001064       0x40 CMakeFiles/serialScratch.dir/home/arun/pico/pico-sdk/src/common/pico_time/time.c.obj
                0x0000000010001064                alarm_pool_init_default
 .text.alarm_pool_get_default
                0x00000000100010a4       0x2c CMakeFiles/serialScratch.dir/home/arun/pico/pico-sdk/src/common/pico_time/time.c.obj
                0x00000000100010a4                alarm_pool_get_default
 .text.alarm_pool_add_alarm_at
                0x00000000100010d0      0x168 CMakeFiles/serialScratch.dir/home/arun/pico/pico-sdk/src/common/pico_time/time.c.obj
                0x00000000100010d0                alarm_pool_add_alarm_at
 .text.alarm_pool_cancel_alarm
                0x0000000010001238       0xf0 CMakeFiles/serialScratch.dir/home/arun/pico/pico-sdk/src/common/pico_time/time.c.obj
                0x0000000010001238                alarm_pool_cancel_alarm
 .text.best_effort_wfe_or_timeout
                0x0000000010001328       0xac CMakeFiles/serialScratch.dir/home/arun/pico/pico-sdk/src/common/pico_time/time.c.obj
                0x0000000010001328                best_effort_wfe_or_timeout
 .text.hardware_alarm_irq_handler
                0x00000000100013d4       0x90 CMakeFiles/serialScratch.dir/home/arun/pico/pico-sdk/src/rp2_common/hardware_timer/timer.c.obj
 .text.hardware_alarm_claim
                0x0000000010001464       0x18 CMakeFiles/serialScratch.dir/home/arun/pico/pico-sdk/src/rp2_common/hardware_timer/timer.c.obj
                0x0000000010001464                hardware_alarm_claim
 .text.time_us_64
                0x000000001000147c       0x18 CMakeFiles/serialScratch.dir/home/arun/pico/pico-sdk/src/rp2_common/hardware_timer/timer.c.obj
                0x000000001000147c                time_us_64
 .text.hardware_alarm_set_callback
                0x0000000010001494       0x90 CMakeFiles/serialScratch.dir/home/arun/pico/pico-sdk/src/rp2_common/hardware_timer/timer.c.obj
                0x0000000010001494                hardware_alarm_set_callback
 .text.hardware_alarm_set_target
                0x0000000010001524       0xe8 CMakeFiles/serialScratch.dir/home/arun/pico/pico-sdk/src/rp2_common/hardware_timer/timer.c.obj
                0x0000000010001524                hardware_alarm_set_target
 .text.hardware_alarm_cancel
                0x000000001000160c       0x40 CMakeFiles/serialScratch.dir/home/arun/pico/pico-sdk/src/rp2_common/hardware_timer/timer.c.obj
                0x000000001000160c                hardware_alarm_cancel
 .text.ph_add_child_node
                0x000000001000164c       0xa4 CMakeFiles/serialScratch.dir/home/arun/pico/pico-sdk/src/common/pico_util/pheap.c.obj
 .text.ph_merge_nodes
                0x00000000100016f0       0x3e CMakeFiles/serialScratch.dir/home/arun/pico/pico-sdk/src/common/pico_util/pheap.c.obj
 *fill*         0x000000001000172e        0x2 
 .text.ph_clear
                0x0000000010001730       0x70 CMakeFiles/serialScratch.dir/home/arun/pico/pico-sdk/src/common/pico_util/pheap.c.obj
                0x0000000010001730                ph_clear
 .text.ph_post_alloc_init
                0x00000000100017a0        0xe CMakeFiles/serialScratch.dir/home/arun/pico/pico-sdk/src/common/pico_util/pheap.c.obj
                0x00000000100017a0                ph_post_alloc_init
 *fill*         0x00000000100017ae        0x2 
 .text.ph_merge_two_pass
                0x00000000100017b0       0xa8 CMakeFiles/serialScratch.dir/home/arun/pico/pico-sdk/src/common/pico_util/pheap.c.obj
                0x00000000100017b0                ph_merge_two_pass
 .text.ph_remove_any_head
                0x0000000010001858      0x128 CMakeFiles/serialScratch.dir/home/arun/pico/pico-sdk/src/common/pico_util/pheap.c.obj
 .text.ph_remove_head
                0x0000000010001980       0x14 CMakeFiles/serialScratch.dir/home/arun/pico/pico-sdk/src/common/pico_util/pheap.c.obj
                0x0000000010001980                ph_remove_head
 .text.ph_remove_and_free_node
                0x0000000010001994       0xf8 CMakeFiles/serialScratch.dir/home/arun/pico/pico-sdk/src/common/pico_util/pheap.c.obj
                0x0000000010001994                ph_remove_and_free_node
 .text.uart_set_baudrate
                0x0000000010001a8c       0x5c CMakeFiles/serialScratch.dir/home/arun/pico/pico-sdk/src/rp2_common/hardware_uart/uart.c.obj
                0x0000000010001a8c                uart_set_baudrate
 .text.uart_set_translate_crlf
                0x0000000010001ae8       0x28 CMakeFiles/serialScratch.dir/home/arun/pico/pico-sdk/src/rp2_common/hardware_uart/uart.c.obj
                0x0000000010001ae8                uart_set_translate_crlf
 .text.uart_init
                0x0000000010001b10       0x80 CMakeFiles/serialScratch.dir/home/arun/pico/pico-sdk/src/rp2_common/hardware_uart/uart.c.obj
                0x0000000010001b10                uart_init
 .text.clock_configure
                0x0000000010001b90      0x104 CMakeFiles/serialScratch.dir/home/arun/pico/pico-sdk/src/rp2_common/hardware_clocks/clocks.c.obj
                0x0000000010001b90                clock_configure
 .text.clocks_init
                0x0000000010001c94      0x100 CMakeFiles/serialScratch.dir/home/arun/pico/pico-sdk/src/rp2_common/hardware_clocks/clocks.c.obj
                0x0000000010001c94                clocks_init
 .text.clock_get_hz
                0x0000000010001d94        0xc CMakeFiles/serialScratch.dir/home/arun/pico/pico-sdk/src/rp2_common/hardware_clocks/clocks.c.obj
                0x0000000010001d94                clock_get_hz
 .text.pll_init
                0x0000000010001da0      0x12c CMakeFiles/serialScratch.dir/home/arun/pico/pico-sdk/src/rp2_common/hardware_pll/pll.c.obj
                0x0000000010001da0                pll_init
 .text.watchdog_start_tick
                0x0000000010001ecc       0x10 CMakeFiles/serialScratch.dir/home/arun/pico/pico-sdk/src/rp2_common/hardware_watchdog/watchdog.c.obj
                0x0000000010001ecc                watchdog_start_tick
 .text.xosc_init
                0x0000000010001edc       0x28 CMakeFiles/serialScratch.dir/home/arun/pico/pico-sdk/src/rp2_common/hardware_xosc/xosc.c.obj
                0x0000000010001edc                xosc_init
 .text._exit    0x0000000010001f04        0x4 CMakeFiles/serialScratch.dir/home/arun/pico/pico-sdk/src/rp2_common/pico_runtime/runtime.c.obj
                0x0000000010001f04                _exit
 .text._sbrk    0x0000000010001f08       0x38 CMakeFiles/serialScratch.dir/home/arun/pico/pico-sdk/src/rp2_common/pico_runtime/runtime.c.obj
                0x0000000010001f08                _sbrk
 .text.exit     0x0000000010001f40        0x6 CMakeFiles/serialScratch.dir/home/arun/pico/pico-sdk/src/rp2_common/pico_runtime/runtime.c.obj
                0x0000000010001f40                exit
 *fill*         0x0000000010001f46        0x2 
 .text.__assert_func
                0x0000000010001f48       0x3c CMakeFiles/serialScratch.dir/home/arun/pico/pico-sdk/src/rp2_common/pico_runtime/runtime.c.obj
                0x0000000010001f48                __assert_func
 .text.runtime_init
                0x0000000010001f84       0xf8 CMakeFiles/serialScratch.dir/home/arun/pico/pico-sdk/src/rp2_common/pico_runtime/runtime.c.obj
                0x0000000010001f84                runtime_init
 .text.panic    0x000000001000207c       0x30 CMakeFiles/serialScratch.dir/home/arun/pico/pico-sdk/src/rp2_common/pico_runtime/runtime.c.obj
                0x000000001000207c                panic
 .text._out_null
                0x00000000100020ac        0x2 CMakeFiles/serialScratch.dir/home/arun/pico/pico-sdk/src/rp2_common/pico_printf/printf.c.obj
 .text._out_fct
                0x00000000100020ae        0xe CMakeFiles/serialScratch.dir/home/arun/pico/pico-sdk/src/rp2_common/pico_printf/printf.c.obj
 .text._atoi    0x00000000100020bc       0x24 CMakeFiles/serialScratch.dir/home/arun/pico/pico-sdk/src/rp2_common/pico_printf/printf.c.obj
 .text._out_rev
                0x00000000100020e0       0xae CMakeFiles/serialScratch.dir/home/arun/pico/pico-sdk/src/rp2_common/pico_printf/printf.c.obj
 .text._ntoa_format
                0x000000001000218e      0x112 CMakeFiles/serialScratch.dir/home/arun/pico/pico-sdk/src/rp2_common/pico_printf/printf.c.obj
 .text._ntoa_long
                0x00000000100022a0       0xbc CMakeFiles/serialScratch.dir/home/arun/pico/pico-sdk/src/rp2_common/pico_printf/printf.c.obj
 .text._ntoa_long_long
                0x000000001000235c       0xe2 CMakeFiles/serialScratch.dir/home/arun/pico/pico-sdk/src/rp2_common/pico_printf/printf.c.obj
 *fill*         0x000000001000243e        0x2 
 .text._etoa    0x0000000010002440      0x414 CMakeFiles/serialScratch.dir/home/arun/pico/pico-sdk/src/rp2_common/pico_printf/printf.c.obj
 .text._ftoa    0x0000000010002854      0x354 CMakeFiles/serialScratch.dir/home/arun/pico/pico-sdk/src/rp2_common/pico_printf/printf.c.obj
 .text._vsnprintf
                0x0000000010002ba8      0x624 CMakeFiles/serialScratch.dir/home/arun/pico/pico-sdk/src/rp2_common/pico_printf/printf.c.obj
 .text.vfctprintf
                0x00000000100031cc       0x20 CMakeFiles/serialScratch.dir/home/arun/pico/pico-sdk/src/rp2_common/pico_printf/printf.c.obj
                0x00000000100031cc                vfctprintf
 .text          0x00000000100031ec       0x10 CMakeFiles/serialScratch.dir/home/arun/pico/pico-sdk/src/rp2_common/pico_bit_ops/bit_ops_aeabi.S.obj
 .text.rom_func_lookup
                0x00000000100031fc       0x10 CMakeFiles/serialScratch.dir/home/arun/pico/pico-sdk/src/rp2_common/pico_bootrom/bootrom.c.obj
                0x00000000100031fc                rom_func_lookup
 .text.rom_data_lookup
                0x000000001000320c       0x10 CMakeFiles/serialScratch.dir/home/arun/pico/pico-sdk/src/rp2_common/pico_bootrom/bootrom.c.obj
                0x000000001000320c                rom_data_lookup
 .text.rom_funcs_lookup
                0x000000001000321c       0x36 CMakeFiles/serialScratch.dir/home/arun/pico/pico-sdk/src/rp2_common/pico_bootrom/bootrom.c.obj
                0x000000001000321c                rom_funcs_lookup
 *fill*         0x0000000010003252        0x2 
 .text.__wrap___aeabi_idiv
                0x0000000010003254       0x50 CMakeFiles/serialScratch.dir/home/arun/pico/pico-sdk/src/rp2_common/pico_divider/divider.S.obj
                0x0000000010003254                __wrap___aeabi_idivmod
                0x0000000010003254                divmod_s32s32
                0x0000000010003254                div_s32s32
                0x0000000010003254                __wrap___aeabi_idiv
                0x000000001000325c                divmod_s32s32_unsafe
                0x0000000010003288                divmod_s32s32_savestate
 .text.__wrap___aeabi_uidiv
                0x00000000100032a4       0x4c CMakeFiles/serialScratch.dir/home/arun/pico/pico-sdk/src/rp2_common/pico_divider/divider.S.obj
                0x00000000100032a4                __wrap___aeabi_uidiv
                0x00000000100032a4                __wrap___aeabi_uidivmod
                0x00000000100032a4                div_u32u32
                0x00000000100032a4                divmod_u32u32
                0x00000000100032ac                divmod_u32u32_unsafe
                0x00000000100032d4                divmod_u32u32_savestate
 .text.__wrap___aeabi_ldiv
                0x00000000100032f0      0x424 CMakeFiles/serialScratch.dir/home/arun/pico/pico-sdk/src/rp2_common/pico_divider/divider.S.obj
                0x00000000100032f0                div_s64s64
                0x00000000100032f0                divmod_s64s64
                0x00000000100032f0                __wrap___aeabi_ldivmod
                0x0000000010003320                div_u64u64
                0x0000000010003320                divmod_u64u64
                0x0000000010003320                __wrap___aeabi_uldivmod
                0x0000000010003330                divmod_u64u64_savestate
                0x0000000010003350                divmod_s64s64_unsafe
                0x00000000100033d8                divmod_u64u64_unsafe
 .text.__wrap___aeabi_darithmetic
                0x0000000010003714       0x80 CMakeFiles/serialScratch.dir/home/arun/pico/pico-sdk/src/rp2_common/pico_double/double_aeabi.S.obj
                0x0000000010003714                __wrap___aeabi_drsub
                0x000000001000371a                __wrap___aeabi_dsub
                0x000000001000372c                __wrap___aeabi_dadd
                0x000000001000373e                __wrap___aeabi_ddiv
                0x000000001000377a                __wrap___aeabi_dmul
 .text.__wrap___aeabi_cdcmple
                0x0000000010003794       0x6c CMakeFiles/serialScratch.dir/home/arun/pico/pico-sdk/src/rp2_common/pico_double/double_aeabi.S.obj
                0x0000000010003794                __wrap___aeabi_cdrcmple
                0x00000000100037a4                __wrap___aeabi_cdcmple
                0x00000000100037a4                __wrap___aeabi_cdcmpeq
 .text.__wrap___aeabi_dcmplt
                0x0000000010003800        0xc CMakeFiles/serialScratch.dir/home/arun/pico/pico-sdk/src/rp2_common/pico_double/double_aeabi.S.obj
                0x0000000010003800                __wrap___aeabi_dcmplt
 .text.__wrap___aeabi_dcmple
                0x000000001000380c       0x10 CMakeFiles/serialScratch.dir/home/arun/pico/pico-sdk/src/rp2_common/pico_double/double_aeabi.S.obj
                0x000000001000380c                __wrap___aeabi_dcmple
 .text.__wrap___aeabi_dcmpge
                0x000000001000381c       0x10 CMakeFiles/serialScratch.dir/home/arun/pico/pico-sdk/src/rp2_common/pico_double/double_aeabi.S.obj
                0x000000001000381c                __wrap___aeabi_dcmpge
 .text.__wrap___aeabi_dcmpgt
                0x000000001000382c        0xa CMakeFiles/serialScratch.dir/home/arun/pico/pico-sdk/src/rp2_common/pico_double/double_aeabi.S.obj
                0x000000001000382c                __wrap___aeabi_dcmpgt
 .text.__wrap___aeabi_dcmpun
                0x0000000010003836       0x1c CMakeFiles/serialScratch.dir/home/arun/pico/pico-sdk/src/rp2_common/pico_double/double_aeabi.S.obj
                0x0000000010003836                __wrap___aeabi_dcmpun
 *fill*         0x0000000010003852        0x2 
 .text.__wrap___aeabi_i2d
                0x0000000010003854       0x38 CMakeFiles/serialScratch.dir/home/arun/pico/pico-sdk/src/rp2_common/pico_double/double_aeabi.S.obj
                0x0000000010003854                __wrap___aeabi_ui2d
                0x000000001000385c                __wrap___aeabi_i2d
 .text.__wrap___aeabi_d2iz
                0x000000001000388c       0x48 CMakeFiles/serialScratch.dir/home/arun/pico/pico-sdk/src/rp2_common/pico_double/double_aeabi.S.obj
                0x000000001000388c                __wrap___aeabi_d2iz
                0x000000001000388c                double2int_z
 .text.__wrap___aeabi_d2uiz
                0x00000000100038d4       0x18 CMakeFiles/serialScratch.dir/home/arun/pico/pico-sdk/src/rp2_common/pico_double/double_aeabi.S.obj
                0x00000000100038d4                double2uint
                0x00000000100038d4                __wrap___aeabi_d2uiz
 .text.__aeabi_double_init
                0x00000000100038ec       0xc8 CMakeFiles/serialScratch.dir/home/arun/pico/pico-sdk/src/rp2_common/pico_double/double_init_rom.c.obj
                0x00000000100038ec                __aeabi_double_init
 .text.double_table_shim_on_use_helper
                0x00000000100039b4       0x34 CMakeFiles/serialScratch.dir/home/arun/pico/pico-sdk/src/rp2_common/pico_double/double_v1_rom_shim.S.obj
                0x00000000100039b4                double_table_shim_on_use_helper
 .text.__wrap___aeabi_dsub
                0x00000000100039e8       0x10 CMakeFiles/serialScratch.dir/home/arun/pico/pico-sdk/src/rp2_common/pico_double/double_v1_rom_shim.S.obj
                0x00000000100039e8                drsub_shim
                0x00000000100039ee                dsub_shim
 .text.dadd_shim
                0x00000000100039f8      0x15c CMakeFiles/serialScratch.dir/home/arun/pico/pico-sdk/src/rp2_common/pico_double/double_v1_rom_shim.S.obj
                0x00000000100039f8                dadd_shim
 .text.dmul_shim
                0x0000000010003b54      0x15c CMakeFiles/serialScratch.dir/home/arun/pico/pico-sdk/src/rp2_common/pico_double/double_v1_rom_shim.S.obj
                0x0000000010003b54                dmul_shim
 .text.ddiv_shim
                0x0000000010003cb0      0x1b0 CMakeFiles/serialScratch.dir/home/arun/pico/pico-sdk/src/rp2_common/pico_double/double_v1_rom_shim.S.obj
                0x0000000010003cb0                ddiv_shim
 .text.double2uint_shim
                0x0000000010003e60        0xe CMakeFiles/serialScratch.dir/home/arun/pico/pico-sdk/src/rp2_common/pico_double/double_v1_rom_shim.S.obj
                0x0000000010003e60                double2uint_shim
                0x0000000010003e62                double2ufix_shim
 *fill*         0x0000000010003e6e        0x2 
 .text.double2uint64_shim
                0x0000000010003e70       0x70 CMakeFiles/serialScratch.dir/home/arun/pico/pico-sdk/src/rp2_common/pico_double/double_v1_rom_shim.S.obj
                0x0000000010003e70                double2uint64_shim
                0x0000000010003e72                double2ufix64_shim
                0x0000000010003e92                d2fix_a
 .text.dunpacks
                0x0000000010003ee0       0x3c CMakeFiles/serialScratch.dir/home/arun/pico/pico-sdk/src/rp2_common/pico_double/double_v1_rom_shim.S.obj
                0x0000000010003ee0                dunpacks
 .text.__aeabi_float_init
                0x0000000010003f1c       0xfc CMakeFiles/serialScratch.dir/home/arun/pico/pico-sdk/src/rp2_common/pico_float/float_init_rom.c.obj
                0x0000000010003f1c                __aeabi_float_init
 .text.float_table_shim_on_use_helper
                0x0000000010004018       0x34 CMakeFiles/serialScratch.dir/home/arun/pico/pico-sdk/src/rp2_common/pico_float/float_v1_rom_shim.S.obj
                0x0000000010004018                float_table_shim_on_use_helper
 .text.__wrap_calloc
                0x000000001000404c       0x24 CMakeFiles/serialScratch.dir/home/arun/pico/pico-sdk/src/rp2_common/pico_malloc/pico_malloc.c.obj
                0x000000001000404c                __wrap_calloc
 .text.__wrap_free
                0x0000000010004070        0x8 CMakeFiles/serialScratch.dir/home/arun/pico/pico-sdk/src/rp2_common/pico_malloc/pico_malloc.c.obj
                0x0000000010004070                __wrap_free
 .text          0x0000000010004078       0x10 CMakeFiles/serialScratch.dir/home/arun/pico/pico-sdk/src/rp2_common/pico_mem_ops/mem_ops_aeabi.S.obj
                0x0000000010004078                __aeabi_mem_init
 .text.memset   0x0000000010004088        0xc CMakeFiles/serialScratch.dir/home/arun/pico/pico-sdk/src/rp2_common/pico_mem_ops/mem_ops_aeabi.S.obj
                0x0000000010004088                __wrap_memset
 .text.memcpy   0x0000000010004094        0xc CMakeFiles/serialScratch.dir/home/arun/pico/pico-sdk/src/rp2_common/pico_mem_ops/mem_ops_aeabi.S.obj
                0x0000000010004094                __wrap___aeabi_memcpy
                0x0000000010004094                __wrap_memcpy
 .text.stdio_out_chars_no_crlf
                0x00000000100040a0        0xe CMakeFiles/serialScratch.dir/home/arun/pico/pico-sdk/src/rp2_common/pico_stdio/stdio.c.obj
 *fill*         0x00000000100040ae        0x2 
 .text.stdio_out_chars_crlf
                0x00000000100040b0       0x80 CMakeFiles/serialScratch.dir/home/arun/pico/pico-sdk/src/rp2_common/pico_stdio/stdio.c.obj
 .text.stdio_stack_buffer_flush
                0x0000000010004130       0x44 CMakeFiles/serialScratch.dir/home/arun/pico/pico-sdk/src/rp2_common/pico_stdio/stdio.c.obj
 .text.stdio_buffered_printer
                0x0000000010004174       0x20 CMakeFiles/serialScratch.dir/home/arun/pico/pico-sdk/src/rp2_common/pico_stdio/stdio.c.obj
 .text.stdout_serialize_begin
                0x0000000010004194       0x5c CMakeFiles/serialScratch.dir/home/arun/pico/pico-sdk/src/rp2_common/pico_stdio/stdio.c.obj
                0x0000000010004194                stdout_serialize_begin
 .text.stdout_serialize_end
                0x00000000100041f0       0x10 CMakeFiles/serialScratch.dir/home/arun/pico/pico-sdk/src/rp2_common/pico_stdio/stdio.c.obj
                0x00000000100041f0                stdout_serialize_end
 .text.stdio_put_string
                0x0000000010004200       0x98 CMakeFiles/serialScratch.dir/home/arun/pico/pico-sdk/src/rp2_common/pico_stdio/stdio.c.obj
 .text.stdio_flush
                0x0000000010004298       0x20 CMakeFiles/serialScratch.dir/home/arun/pico/pico-sdk/src/rp2_common/pico_stdio/stdio.c.obj
                0x0000000010004298                stdio_flush
 .text.__wrap_puts
                0x00000000100042b8       0x1e CMakeFiles/serialScratch.dir/home/arun/pico/pico-sdk/src/rp2_common/pico_stdio/stdio.c.obj
                0x00000000100042b8                __wrap_puts
 *fill*         0x00000000100042d6        0x2 
 .text.__wrap_vprintf
                0x00000000100042d8       0x40 CMakeFiles/serialScratch.dir/home/arun/pico/pico-sdk/src/rp2_common/pico_stdio/stdio.c.obj
                0x00000000100042d8                __wrap_vprintf
 .text.__wrap_printf
                0x0000000010004318       0x18 CMakeFiles/serialScratch.dir/home/arun/pico/pico-sdk/src/rp2_common/pico_stdio/stdio.c.obj
                0x0000000010004318                __wrap_printf
 .text          0x0000000010004330       0x18 /usr/lib/gcc/arm-none-eabi/10.3.1/../../../arm-none-eabi/lib/thumb/v6-m/nofp/libg.a(lib_a-calloc.o)
                0x0000000010004330                calloc
 .text          0x0000000010004348       0x5c /usr/lib/gcc/arm-none-eabi/10.3.1/../../../arm-none-eabi/lib/thumb/v6-m/nofp/libg.a(lib_a-callocr.o)
                0x0000000010004348                _calloc_r
 .text          0x00000000100043a4       0x28 /usr/lib/gcc/arm-none-eabi/10.3.1/../../../arm-none-eabi/lib/thumb/v6-m/nofp/libg.a(lib_a-malloc.o)
                0x00000000100043a4                malloc
                0x00000000100043b8                free
 .text          0x00000000100043cc      0x574 /usr/lib/gcc/arm-none-eabi/10.3.1/../../../arm-none-eabi/lib/thumb/v6-m/nofp/libg.a(lib_a-mallocr.o)
                0x00000000100043cc                _malloc_r
 .text          0x0000000010004940        0x8 /usr/lib/gcc/arm-none-eabi/10.3.1/../../../arm-none-eabi/lib/thumb/v6-m/nofp/libg.a(lib_a-mlock.o)
                0x0000000010004940                __malloc_lock
                0x0000000010004944                __malloc_unlock
 .text          0x0000000010004948       0x24 /usr/lib/gcc/arm-none-eabi/10.3.1/../../../arm-none-eabi/lib/thumb/v6-m/nofp/libg.a(lib_a-sbrkr.o)
                0x0000000010004948                _sbrk_r
 .text          0x000000001000496c       0x5c /usr/lib/gcc/arm-none-eabi/10.3.1/../../../arm-none-eabi/lib/thumb/v6-m/nofp/libg.a(lib_a-strlen-stub.o)
                0x000000001000496c                strlen
 .text          0x00000000100049c8      0x260 /usr/lib/gcc/arm-none-eabi/10.3.1/../../../arm-none-eabi/lib/thumb/v6-m/nofp/libg.a(lib_a-freer.o)
                0x00000000100049c8                _malloc_trim_r
                0x0000000010004a64                _free_r
 *(.fini)
 .fini          0x0000000010004c28        0x4 /usr/lib/gcc/arm-none-eabi/10.3.1/thumb/v6-m/nofp/crti.o
                0x0000000010004c28                _fini
 *fill*         0x0000000010004c2c        0x4 
 .fini.__stub   0x0000000010004c30       0x40 linker stubs
 *crtbegin.o(.ctors)
 *crtbegin?.o(.ctors)
 *(EXCLUDE_FILE(*crtend.o *crtend?.o) .ctors)
 *(SORT_BY_NAME(.ctors.*))
 *(.ctors)
 *crtbegin.o(.dtors)
 *crtbegin?.o(.dtors)
 *(EXCLUDE_FILE(*crtend.o *crtend?.o) .dtors)
 *(SORT_BY_NAME(.dtors.*))
 *(.dtors)
 *(.eh_frame*)
 .eh_frame      0x0000000010004c70        0x0 /usr/lib/gcc/arm-none-eabi/10.3.1/thumb/v6-m/nofp/crtbegin.o
                0x0000000010004c70                . = ALIGN (0x4)

.glue_7         0x0000000010004c70        0x0
 .glue_7        0x0000000010004c70        0x0 linker stubs

.glue_7t        0x0000000010004c70        0x0
 .glue_7t       0x0000000010004c70        0x0 linker stubs

.vfp11_veneer   0x0000000010004c70        0x0
 .vfp11_veneer  0x0000000010004c70        0x0 linker stubs

.v4_bx          0x0000000010004c70        0x0
 .v4_bx         0x0000000010004c70        0x0 linker stubs

.iplt           0x0000000010004c70        0x0
 .iplt          0x0000000010004c70        0x0 /usr/lib/gcc/arm-none-eabi/10.3.1/thumb/v6-m/nofp/crtbegin.o

.rodata         0x0000000010004c70      0xeac
 *(EXCLUDE_FILE(*libm.a: *libc.a:*lib_a-mem*.o *libgcc.a:) .rodata*)
 .rodata.make_branch.str1.4
                0x0000000010004c70       0x6b CMakeFiles/serialScratch.dir/home/arun/pico/pico-sdk/src/rp2_common/hardware_irq/irq.c.obj
 *fill*         0x0000000010004cdb        0x1 
 .rodata.insert_branch_and_link.str1.4
                0x0000000010004cdc       0x10 CMakeFiles/serialScratch.dir/home/arun/pico/pico-sdk/src/rp2_common/hardware_irq/irq.c.obj
 .rodata.irq_set_exclusive_handler.str1.4
                0x0000000010004cec       0x36 CMakeFiles/serialScratch.dir/home/arun/pico/pico-sdk/src/rp2_common/hardware_irq/irq.c.obj
 *fill*         0x0000000010004d22        0x2 
 .rodata.irq_add_shared_handler.str1.4
                0x0000000010004d24       0xd9 CMakeFiles/serialScratch.dir/home/arun/pico/pico-sdk/src/rp2_common/hardware_irq/irq.c.obj
 *fill*         0x0000000010004dfd        0x3 
 .rodata.irq_remove_handler.str1.4
                0x0000000010004e00       0x3a CMakeFiles/serialScratch.dir/home/arun/pico/pico-sdk/src/rp2_common/hardware_irq/irq.c.obj
 *fill*         0x0000000010004e3a        0x2 
 .rodata.irq_add_tail_to_free_list.str1.4
                0x0000000010004e3c       0x3a CMakeFiles/serialScratch.dir/home/arun/pico/pico-sdk/src/rp2_common/hardware_irq/irq.c.obj
 *fill*         0x0000000010004e76        0x2 
 .rodata.__func__.0
                0x0000000010004e78       0x1a CMakeFiles/serialScratch.dir/home/arun/pico/pico-sdk/src/rp2_common/hardware_irq/irq.c.obj
 *fill*         0x0000000010004e92        0x2 
 .rodata.__func__.1
                0x0000000010004e94       0x17 CMakeFiles/serialScratch.dir/home/arun/pico/pico-sdk/src/rp2_common/hardware_irq/irq.c.obj
 *fill*         0x0000000010004eab        0x1 
 .rodata.__func__.2
                0x0000000010004eac       0x13 CMakeFiles/serialScratch.dir/home/arun/pico/pico-sdk/src/rp2_common/hardware_irq/irq.c.obj
 *fill*         0x0000000010004ebf        0x1 
 .rodata.__func__.3
                0x0000000010004ec0        0xc CMakeFiles/serialScratch.dir/home/arun/pico/pico-sdk/src/rp2_common/hardware_irq/irq.c.obj
 .rodata.__func__.4
                0x0000000010004ecc        0xf CMakeFiles/serialScratch.dir/home/arun/pico/pico-sdk/src/rp2_common/hardware_irq/irq.c.obj
 *fill*         0x0000000010004edb        0x1 
 .rodata.__func__.6
                0x0000000010004edc       0x1a CMakeFiles/serialScratch.dir/home/arun/pico/pico-sdk/src/rp2_common/hardware_irq/irq.c.obj
 *fill*         0x0000000010004ef6        0x2 
 .rodata.str1.4
                0x0000000010004ef8       0xe9 CMakeFiles/serialScratch.dir/home/arun/pico/pico-sdk/src/common/pico_sync/mutex.c.obj
 *fill*         0x0000000010004fe1        0x3 
 .rodata.__func__.1
                0x0000000010004fe4        0xb CMakeFiles/serialScratch.dir/home/arun/pico/pico-sdk/src/common/pico_sync/mutex.c.obj
 *fill*         0x0000000010004fef        0x1 
 .rodata.__func__.3
                0x0000000010004ff0       0x18 CMakeFiles/serialScratch.dir/home/arun/pico/pico-sdk/src/common/pico_sync/mutex.c.obj
 .rodata.repeating_timer_callback.str1.4
                0x0000000010005008       0x49 CMakeFiles/serialScratch.dir/home/arun/pico/pico-sdk/src/common/pico_time/time.c.obj
 *fill*         0x0000000010005051        0x3 
 .rodata.timer_pool_entry_comparator.str1.4
                0x0000000010005054       0x22 CMakeFiles/serialScratch.dir/home/arun/pico/pico-sdk/src/common/pico_time/time.c.obj
 *fill*         0x0000000010005076        0x2 
 .rodata.ph_add_child_node.str1.4
                0x0000000010005078       0x92 CMakeFiles/serialScratch.dir/home/arun/pico/pico-sdk/src/common/pico_time/time.c.obj
 *fill*         0x000000001000510a        0x2 
 .rodata.add_alarm_under_lock.str1.4
                0x000000001000510c       0x28 CMakeFiles/serialScratch.dir/home/arun/pico/pico-sdk/src/common/pico_time/time.c.obj
                                         0x2b (size before relaxing)
 .rodata.alarm_pool_alarm_callback.str1.4
                0x0000000010005134       0x98 CMakeFiles/serialScratch.dir/home/arun/pico/pico-sdk/src/common/pico_time/time.c.obj
                                         0xf8 (size before relaxing)
 .rodata.alarm_pool_get_default.str1.4
                0x00000000100051cc       0x21 CMakeFiles/serialScratch.dir/home/arun/pico/pico-sdk/src/common/pico_time/time.c.obj
 *fill*         0x00000000100051ed        0x3 
 .rodata.alarm_pool_cancel_alarm.str1.4
                0x00000000100051f0       0x27 CMakeFiles/serialScratch.dir/home/arun/pico/pico-sdk/src/common/pico_time/time.c.obj
 *fill*         0x0000000010005217        0x1 
 .rodata.__func__.1
                0x0000000010005218       0x18 CMakeFiles/serialScratch.dir/home/arun/pico/pico-sdk/src/common/pico_time/time.c.obj
 .rodata.__func__.10
                0x0000000010005230       0x15 CMakeFiles/serialScratch.dir/home/arun/pico/pico-sdk/src/common/pico_time/time.c.obj
 *fill*         0x0000000010005245        0x3 
 .rodata.__func__.11
                0x0000000010005248       0x1a CMakeFiles/serialScratch.dir/home/arun/pico/pico-sdk/src/common/pico_time/time.c.obj
 *fill*         0x0000000010005262        0x2 
 .rodata.__func__.12
                0x0000000010005264        0xa CMakeFiles/serialScratch.dir/home/arun/pico/pico-sdk/src/common/pico_time/time.c.obj
 *fill*         0x000000001000526e        0x2 
 .rodata.__func__.3
                0x0000000010005270       0x17 CMakeFiles/serialScratch.dir/home/arun/pico/pico-sdk/src/common/pico_time/time.c.obj
 *fill*         0x0000000010005287        0x1 
 .rodata.__func__.4
                0x0000000010005288       0x12 CMakeFiles/serialScratch.dir/home/arun/pico/pico-sdk/src/common/pico_time/time.c.obj
 *fill*         0x000000001000529a        0x2 
 .rodata.__func__.5
                0x000000001000529c        0xd CMakeFiles/serialScratch.dir/home/arun/pico/pico-sdk/src/common/pico_time/time.c.obj
 *fill*         0x00000000100052a9        0x3 
 .rodata.__func__.6
                0x00000000100052ac       0x12 CMakeFiles/serialScratch.dir/home/arun/pico/pico-sdk/src/common/pico_time/time.c.obj
 *fill*         0x00000000100052be        0x2 
 .rodata.__func__.7
                0x00000000100052c0        0xf CMakeFiles/serialScratch.dir/home/arun/pico/pico-sdk/src/common/pico_time/time.c.obj
 *fill*         0x00000000100052cf        0x1 
 .rodata.__func__.8
                0x00000000100052d0        0xc CMakeFiles/serialScratch.dir/home/arun/pico/pico-sdk/src/common/pico_time/time.c.obj
 .rodata.__func__.9
                0x00000000100052dc       0x15 CMakeFiles/serialScratch.dir/home/arun/pico/pico-sdk/src/common/pico_time/time.c.obj
 *fill*         0x00000000100052f1        0x3 
 .rodata.hardware_alarm_claim.str1.4
                0x00000000100052f4       0x22 CMakeFiles/serialScratch.dir/home/arun/pico/pico-sdk/src/rp2_common/hardware_timer/timer.c.obj
 *fill*         0x0000000010005316        0x2 
 .rodata.hardware_alarm_set_target.str1.4
                0x0000000010005318       0x63 CMakeFiles/serialScratch.dir/home/arun/pico/pico-sdk/src/rp2_common/hardware_timer/timer.c.obj
 *fill*         0x000000001000537b        0x1 
 .rodata.__func__.0
                0x000000001000537c       0x1a CMakeFiles/serialScratch.dir/home/arun/pico/pico-sdk/src/rp2_common/hardware_timer/timer.c.obj
 .rodata.ph_add_child_node.str1.4
                0x0000000010005396       0x92 CMakeFiles/serialScratch.dir/home/arun/pico/pico-sdk/src/common/pico_util/pheap.c.obj
 *fill*         0x0000000010005396        0x2 
 .rodata.ph_remove_any_head.str1.4
                0x0000000010005398       0x8c CMakeFiles/serialScratch.dir/home/arun/pico/pico-sdk/src/common/pico_util/pheap.c.obj
                                         0xa0 (size before relaxing)
 .rodata.ph_remove_and_free_node.str1.4
                0x0000000010005424       0x1e CMakeFiles/serialScratch.dir/home/arun/pico/pico-sdk/src/common/pico_util/pheap.c.obj
                                         0x26 (size before relaxing)
 *fill*         0x0000000010005442        0x2 
 .rodata.__func__.0
                0x0000000010005444       0x18 CMakeFiles/serialScratch.dir/home/arun/pico/pico-sdk/src/common/pico_util/pheap.c.obj
 .rodata.__func__.1
                0x000000001000545c       0x13 CMakeFiles/serialScratch.dir/home/arun/pico/pico-sdk/src/common/pico_util/pheap.c.obj
 *fill*         0x000000001000546f        0x1 
 .rodata.__func__.2
                0x0000000010005470       0x12 CMakeFiles/serialScratch.dir/home/arun/pico/pico-sdk/src/common/pico_util/pheap.c.obj
 *fill*         0x0000000010005482        0x2 
 .rodata.__func__.3
                0x0000000010005484        0xc CMakeFiles/serialScratch.dir/home/arun/pico/pico-sdk/src/common/pico_util/pheap.c.obj
 .rodata.clock_configure.str1.4
                0x0000000010005490       0x55 CMakeFiles/serialScratch.dir/home/arun/pico/pico-sdk/src/rp2_common/hardware_clocks/clocks.c.obj
 *fill*         0x00000000100054e5        0x3 
 .rodata.__func__.1
                0x00000000100054e8       0x10 CMakeFiles/serialScratch.dir/home/arun/pico/pico-sdk/src/rp2_common/hardware_clocks/clocks.c.obj
 .rodata.pll_init.str1.4
                0x00000000100054f8      0x11f CMakeFiles/serialScratch.dir/home/arun/pico/pico-sdk/src/rp2_common/hardware_pll/pll.c.obj
 *fill*         0x0000000010005617        0x1 
 .rodata.__func__.0
                0x0000000010005618        0x9 CMakeFiles/serialScratch.dir/home/arun/pico/pico-sdk/src/rp2_common/hardware_pll/pll.c.obj
 *fill*         0x0000000010005621        0x3 
 .rodata.__assert_func.str1.4
                0x0000000010005624       0x3f CMakeFiles/serialScratch.dir/home/arun/pico/pico-sdk/src/rp2_common/pico_runtime/runtime.c.obj
                                         0x43 (size before relaxing)
 *fill*         0x0000000010005663        0x1 
 .rodata.runtime_init.str1.4
                0x0000000010005664       0x5f CMakeFiles/serialScratch.dir/home/arun/pico/pico-sdk/src/rp2_common/pico_runtime/runtime.c.obj
 *fill*         0x00000000100056c3        0x1 
 .rodata.panic.str1.4
                0x00000000100056c4       0x12 CMakeFiles/serialScratch.dir/home/arun/pico/pico-sdk/src/rp2_common/pico_runtime/runtime.c.obj
 *fill*         0x00000000100056d6        0x2 
 .rodata.__func__.2
                0x00000000100056d8        0xd CMakeFiles/serialScratch.dir/home/arun/pico/pico-sdk/src/rp2_common/pico_runtime/runtime.c.obj
 *fill*         0x00000000100056e5        0x3 
 .rodata._ftoa.str1.4
                0x00000000100056e8       0x15 CMakeFiles/serialScratch.dir/home/arun/pico/pico-sdk/src/rp2_common/pico_printf/printf.c.obj
 *fill*         0x00000000100056fd        0x3 
 .rodata._vsnprintf
                0x0000000010005700      0x1e0 CMakeFiles/serialScratch.dir/home/arun/pico/pico-sdk/src/rp2_common/pico_printf/printf.c.obj
 .rodata.pow10.0
                0x00000000100058e0       0x50 CMakeFiles/serialScratch.dir/home/arun/pico/pico-sdk/src/rp2_common/pico_printf/printf.c.obj
 .rodata.__aeabi_double_init.str1.4
                0x0000000010005930       0xa6 CMakeFiles/serialScratch.dir/home/arun/pico/pico-sdk/src/rp2_common/pico_double/double_init_rom.c.obj
 *fill*         0x00000000100059d6        0x2 
 .rodata.__func__.0
                0x00000000100059d8       0x14 CMakeFiles/serialScratch.dir/home/arun/pico/pico-sdk/src/rp2_common/pico_double/double_init_rom.c.obj
 .rodata.__aeabi_float_init.str1.4
                0x00000000100059ec       0x78 CMakeFiles/serialScratch.dir/home/arun/pico/pico-sdk/src/rp2_common/pico_float/float_init_rom.c.obj
                                         0x7c (size before relaxing)
 .rodata.__func__.0
                0x0000000010005a64       0x13 CMakeFiles/serialScratch.dir/home/arun/pico/pico-sdk/src/rp2_common/pico_float/float_init_rom.c.obj
 *fill*         0x0000000010005a77        0x1 
 .rodata.__wrap_malloc.str1.4
                0x0000000010005a78        0xe CMakeFiles/serialScratch.dir/home/arun/pico/pico-sdk/src/rp2_common/pico_malloc/pico_malloc.c.obj
 *fill*         0x0000000010005a86        0x2 
 .rodata.str1.4
                0x0000000010005a88       0x48 CMakeFiles/serialScratch.dir/home/arun/pico/pico-sdk/src/rp2_common/pico_standard_link/binary_info.c.obj
 .rodata.__bi_44
                0x0000000010005ad0        0xc CMakeFiles/serialScratch.dir/home/arun/pico/pico-sdk/src/rp2_common/pico_standard_link/binary_info.c.obj
 .rodata.__bi_56
                0x0000000010005adc        0xc CMakeFiles/serialScratch.dir/home/arun/pico/pico-sdk/src/rp2_common/pico_standard_link/binary_info.c.obj
 .rodata.__bi_75
                0x0000000010005ae8        0xc CMakeFiles/serialScratch.dir/home/arun/pico/pico-sdk/src/rp2_common/pico_standard_link/binary_info.c.obj
 .rodata.__bi_81
                0x0000000010005af4        0xc CMakeFiles/serialScratch.dir/home/arun/pico/pico-sdk/src/rp2_common/pico_standard_link/binary_info.c.obj
 .rodata.stdout_serialize_begin.str1.4
                0x0000000010005b00       0x5f CMakeFiles/serialScratch.dir/home/arun/pico/pico-sdk/src/rp2_common/pico_stdio/stdio.c.obj
 .rodata.__func__.3
                0x0000000010005b00       0x15 CMakeFiles/serialScratch.dir/home/arun/pico/pico-sdk/src/rp2_common/pico_stdio/stdio.c.obj
 *fill*         0x0000000010005b15        0x3 
 .rodata.crlf_str.2
                0x0000000010005b18        0x2 CMakeFiles/serialScratch.dir/home/arun/pico/pico-sdk/src/rp2_common/pico_stdio/stdio.c.obj
                0x0000000010005b1c                . = ALIGN (0x4)
 *fill*         0x0000000010005b1a        0x2 
 *(SORT_BY_ALIGNMENT(SORT_BY_NAME(.flashdata*)))
                0x0000000010005b1c                . = ALIGN (0x4)

.rel.dyn        0x0000000010005b1c        0x0
 .rel.iplt      0x0000000010005b1c        0x0 /usr/lib/gcc/arm-none-eabi/10.3.1/thumb/v6-m/nofp/crtbegin.o

.ARM.extab
 *(.ARM.extab* .gnu.linkonce.armextab.*)
                0x0000000010005b1c                __exidx_start = .

.ARM.exidx
 *(.ARM.exidx* .gnu.linkonce.armexidx.*)
                0x0000000010005b1c                __exidx_end = .
                0x0000000010005b1c                . = ALIGN (0x4)
                0x0000000010005b1c                __binary_info_start = .

.binary_info    0x0000000010005b1c       0x20
 *(.binary_info.keep.*)
 .binary_info.keep.__bi_ptr22
                0x0000000010005b1c        0x4 CMakeFiles/serialScratch.dir/home/arun/pico/pico-sdk/src/rp2_common/pico_standard_link/binary_info.c.obj
 .binary_info.keep.__bi_ptr30
                0x0000000010005b20        0x4 CMakeFiles/serialScratch.dir/home/arun/pico/pico-sdk/src/rp2_common/pico_standard_link/binary_info.c.obj
 .binary_info.keep.__bi_ptr38
                0x0000000010005b24        0x4 CMakeFiles/serialScratch.dir/home/arun/pico/pico-sdk/src/rp2_common/pico_standard_link/binary_info.c.obj
 .binary_info.keep.__bi_ptr44
                0x0000000010005b28        0x4 CMakeFiles/serialScratch.dir/home/arun/pico/pico-sdk/src/rp2_common/pico_standard_link/binary_info.c.obj
 .binary_info.keep.__bi_ptr50
                0x0000000010005b2c        0x4 CMakeFiles/serialScratch.dir/home/arun/pico/pico-sdk/src/rp2_common/pico_standard_link/binary_info.c.obj
 .binary_info.keep.__bi_ptr56
                0x0000000010005b30        0x4 CMakeFiles/serialScratch.dir/home/arun/pico/pico-sdk/src/rp2_common/pico_standard_link/binary_info.c.obj
 .binary_info.keep.__bi_ptr75
                0x0000000010005b34        0x4 CMakeFiles/serialScratch.dir/home/arun/pico/pico-sdk/src/rp2_common/pico_standard_link/binary_info.c.obj
 .binary_info.keep.__bi_ptr81
                0x0000000010005b38        0x4 CMakeFiles/serialScratch.dir/home/arun/pico/pico-sdk/src/rp2_common/pico_standard_link/binary_info.c.obj
 *(.binary_info.*)
                0x0000000010005b3c                __binary_info_end = .
                0x0000000010005b3c                . = ALIGN (0x4)
                0x0000000010005b3c                __etext = .

.ram_vector_table
                0x0000000020000000       0xc0
 *(.ram_vector_table)
 .ram_vector_table
                0x0000000020000000       0xc0 CMakeFiles/serialScratch.dir/home/arun/pico/pico-sdk/src/rp2_common/pico_runtime/runtime.c.obj
                0x0000000020000000                ram_vector_table

.data           0x00000000200000c0      0xa6c load address 0x0000000010005b3c
                0x00000000200000c0                __data_start__ = .
 *(vtable)
 *(.time_critical*)
 .time_critical.mutex_try_enter
                0x00000000200000c0       0x46 CMakeFiles/serialScratch.dir/home/arun/pico/pico-sdk/src/common/pico_sync/mutex.c.obj
                0x00000000200000c0                mutex_try_enter
 *fill*         0x0000000020000106        0x2 
 .time_critical.mutex_enter_block_until
                0x0000000020000108       0x8c CMakeFiles/serialScratch.dir/home/arun/pico/pico-sdk/src/common/pico_sync/mutex.c.obj
                0x0000000020000108                mutex_enter_block_until
 .time_critical.mutex_try_enter_block_until
                0x0000000020000194       0x34 CMakeFiles/serialScratch.dir/home/arun/pico/pico-sdk/src/common/pico_sync/mutex.c.obj
                0x0000000020000194                mutex_try_enter_block_until
 .time_critical.mutex_exit
                0x00000000200001c8       0x4c CMakeFiles/serialScratch.dir/home/arun/pico/pico-sdk/src/common/pico_sync/mutex.c.obj
                0x00000000200001c8                mutex_exit
 *(.text*)
 .text          0x0000000020000214        0x4 /usr/lib/gcc/arm-none-eabi/10.3.1/thumb/v6-m/nofp/libgcc.a(_dvmd_tls.o)
                0x0000000020000214                __aeabi_ldiv0
                0x0000000020000214                __aeabi_idiv0
 .text.__stub   0x0000000020000218       0x20 linker stubs
                0x0000000020000238                . = ALIGN (0x4)
 *(.rodata*)
                0x0000000020000238                . = ALIGN (0x4)
 *(.data*)
 .data.striped_spin_lock_num
                0x0000000020000238        0x1 CMakeFiles/serialScratch.dir/home/arun/pico/pico-sdk/src/rp2_common/hardware_sync/sync.c.obj
 *fill*         0x0000000020000239        0x3 
 .data          0x000000002000023c       0x48 CMakeFiles/serialScratch.dir/home/arun/pico/pico-sdk/src/rp2_common/hardware_irq/irq_handler_chain.S.obj
                0x000000002000023c                irq_handler_chain_slots
                0x000000002000026c                irq_handler_chain_first_slot
                0x0000000020000276                irq_handler_chain_remove_tail
 .data.default_alarm_pool
                0x0000000020000284       0x18 CMakeFiles/serialScratch.dir/home/arun/pico/pico-sdk/src/common/pico_time/time.c.obj
 .data.default_alarm_pool_heap
                0x000000002000029c       0x10 CMakeFiles/serialScratch.dir/home/arun/pico/pico-sdk/src/common/pico_time/time.c.obj
 *fill*         0x00000000200002ac        0x4 
 .data.aeabi_bits_funcs
                0x00000000200002b0       0x10 CMakeFiles/serialScratch.dir/home/arun/pico/pico-sdk/src/rp2_common/pico_bit_ops/bit_ops_aeabi.S.obj
                0x00000000200002b0                aeabi_bits_funcs
                0x00000000200002c0                aeabi_bits_funcs_end
 .data.aeabi_mem_funcs
                0x00000000200002c0       0x10 CMakeFiles/serialScratch.dir/home/arun/pico/pico-sdk/src/rp2_common/pico_mem_ops/mem_ops_aeabi.S.obj
                0x00000000200002c0                aeabi_mem_funcs
                0x00000000200002d0                aeabi_mem_funcs_end
 .data          0x00000000200002d0      0x430 /usr/lib/gcc/arm-none-eabi/10.3.1/../../../arm-none-eabi/lib/thumb/v6-m/nofp/libg.a(lib_a-impure.o)
                0x00000000200002d0                _impure_ptr
 .data          0x0000000020000700      0x410 /usr/lib/gcc/arm-none-eabi/10.3.1/../../../arm-none-eabi/lib/thumb/v6-m/nofp/libg.a(lib_a-mallocr.o)
                0x0000000020000700                __malloc_sbrk_base
                0x0000000020000704                __malloc_trim_threshold
                0x0000000020000708                __malloc_av_
                0x0000000020000b10                . = ALIGN (0x4)
 *(.after_data.*)
                0x0000000020000b10                . = ALIGN (0x4)
                0x0000000020000b10                PROVIDE (__mutex_array_start = .)
 *(SORT_BY_NAME(.mutex_array.*))
 *(.mutex_array)
 .mutex_array   0x0000000020000b10        0x8 CMakeFiles/serialScratch.dir/home/arun/pico/pico-sdk/src/rp2_common/pico_stdio/stdio.c.obj
                0x0000000020000b18                PROVIDE (__mutex_array_end = .)
                0x0000000020000b18                . = ALIGN (0x4)
                0x0000000020000b18                PROVIDE (__preinit_array_start = .)
 *(SORT_BY_NAME(.preinit_array.*))
 .preinit_array.00001
                0x0000000020000b18        0x4 CMakeFiles/serialScratch.dir/home/arun/pico/pico-sdk/src/rp2_common/pico_mem_ops/mem_ops_aeabi.S.obj
 .preinit_array.00010
                0x0000000020000b1c        0x4 CMakeFiles/serialScratch.dir/home/arun/pico/pico-sdk/src/rp2_common/pico_bit_ops/bit_ops_aeabi.S.obj
 .preinit_array.00020
                0x0000000020000b20        0x4 CMakeFiles/serialScratch.dir/home/arun/pico/pico-sdk/src/rp2_common/pico_double/double_aeabi.S.obj
 .preinit_array.00020
                0x0000000020000b24        0x4 CMakeFiles/serialScratch.dir/home/arun/pico/pico-sdk/src/rp2_common/pico_float/float_aeabi.S.obj
 *(.preinit_array)
                0x0000000020000b28                PROVIDE (__preinit_array_end = .)
                0x0000000020000b28                . = ALIGN (0x4)
                0x0000000020000b28                PROVIDE (__init_array_start = .)
 *(SORT_BY_NAME(.init_array.*))
 *(.init_array)
 .init_array    0x0000000020000b28        0x4 /usr/lib/gcc/arm-none-eabi/10.3.1/thumb/v6-m/nofp/crtbegin.o
                0x0000000020000b2c                PROVIDE (__init_array_end = .)
                0x0000000020000b2c                . = ALIGN (0x4)
                0x0000000020000b2c                PROVIDE (__fini_array_start = .)
 *(SORT_BY_NAME(.fini_array.*))
 *(.fini_array)
                0x0000000020000b2c                PROVIDE (__fini_array_end = .)
 *(.jcr)
                0x0000000020000b2c                . = ALIGN (0x4)
                0x0000000020000b2c                __data_end__ = .

.tm_clone_table
                0x0000000020000b2c        0x0 load address 0x00000000100065a8
 .tm_clone_table
                0x0000000020000b2c        0x0 /usr/lib/gcc/arm-none-eabi/10.3.1/thumb/v6-m/nofp/crtbegin.o
 .tm_clone_table
                0x0000000020000b2c        0x0 /usr/lib/gcc/arm-none-eabi/10.3.1/thumb/v6-m/nofp/crtend.o

.igot.plt       0x0000000020000b2c        0x0 load address 0x00000000100065a8
 .igot.plt      0x0000000020000b2c        0x0 /usr/lib/gcc/arm-none-eabi/10.3.1/thumb/v6-m/nofp/crtbegin.o

.uninitialized_data
                0x0000000020000b2c        0x0 load address 0x00000000100065a8
                0x0000000020000b2c                . = ALIGN (0x4)
 *(.uninitialized_data*)

.scratch_x      0x0000000020040000        0x0 load address 0x00000000100065a8
                0x0000000020040000                __scratch_x_start__ = .
 *(.scratch_x.*)
                0x0000000020040000                . = ALIGN (0x4)
                0x0000000020040000                __scratch_x_end__ = .
                0x00000000100065a8                __scratch_x_source__ = LOADADDR (.scratch_x)

.scratch_y      0x0000000020041000        0x0 load address 0x00000000100065a8
                0x0000000020041000                __scratch_y_start__ = .
 *(.scratch_y.*)
                0x0000000020041000                . = ALIGN (0x4)
                0x0000000020041000                __scratch_y_end__ = .
                0x00000000100065a8                __scratch_y_source__ = LOADADDR (.scratch_y)

.bss            0x0000000020000b30      0x408
                0x0000000020000b30                . = ALIGN (0x4)
                0x0000000020000b30                __bss_start__ = .
 *(SORT_BY_ALIGNMENT(SORT_BY_NAME(.bss*)))
 .bss.default_alarm_pool_entries
                0x0000000020000b30      0x100 CMakeFiles/serialScratch.dir/home/arun/pico/pico-sdk/src/common/pico_time/time.c.obj
 .bss           0x0000000020000c30       0x1c /usr/lib/gcc/arm-none-eabi/10.3.1/thumb/v6-m/nofp/crtbegin.o
 .bss           0x0000000020000c4c       0x34 /usr/lib/gcc/arm-none-eabi/10.3.1/../../../arm-none-eabi/lib/thumb/v6-m/nofp/libg.a(lib_a-mallocr.o)
                0x0000000020000c4c                __malloc_top_pad
                0x0000000020000c50                __malloc_current_mallinfo
                0x0000000020000c78                __malloc_max_sbrked_mem
                0x0000000020000c7c                __malloc_max_total_mem
 .bss           0x0000000020000c80        0x4 /usr/lib/gcc/arm-none-eabi/10.3.1/../../../arm-none-eabi/lib/thumb/v6-m/nofp/libg.a(lib_a-reent.o)
                0x0000000020000c80                errno
 .bss.alarm_callbacks
                0x0000000020000c84       0x10 CMakeFiles/serialScratch.dir/home/arun/pico/pico-sdk/src/rp2_common/hardware_timer/timer.c.obj
 .bss.configured_freq
                0x0000000020000c94       0x28 CMakeFiles/serialScratch.dir/home/arun/pico/pico-sdk/src/rp2_common/hardware_clocks/clocks.c.obj
 .bss.default_alarm_pool_entry_ids_high
                0x0000000020000cbc       0x10 CMakeFiles/serialScratch.dir/home/arun/pico/pico-sdk/src/common/pico_time/time.c.obj
 .bss.default_alarm_pool_heap_nodes
                0x0000000020000ccc       0x30 CMakeFiles/serialScratch.dir/home/arun/pico/pico-sdk/src/common/pico_time/time.c.obj
 .bss.drivers   0x0000000020000cfc        0x4 CMakeFiles/serialScratch.dir/home/arun/pico/pico-sdk/src/rp2_common/pico_stdio/stdio.c.obj
 .bss.filter    0x0000000020000d00        0x4 CMakeFiles/serialScratch.dir/home/arun/pico/pico-sdk/src/rp2_common/pico_stdio/stdio.c.obj
 .bss.heap_end.1
                0x0000000020000d04        0x4 CMakeFiles/serialScratch.dir/home/arun/pico/pico-sdk/src/rp2_common/pico_runtime/runtime.c.obj
 .bss.pools     0x0000000020000d08       0x10 CMakeFiles/serialScratch.dir/home/arun/pico/pico-sdk/src/common/pico_time/time.c.obj
 .bss.sd_table  0x0000000020000d18      0x100 CMakeFiles/serialScratch.dir/home/arun/pico/pico-sdk/src/rp2_common/pico_double/double_init_rom.c.obj
                0x0000000020000d18                sd_table
 .bss.sf_clz_func
                0x0000000020000e18        0x4 CMakeFiles/serialScratch.dir/home/arun/pico/pico-sdk/src/rp2_common/pico_double/double_init_rom.c.obj
                0x0000000020000e18                sf_clz_func
 .bss.sf_table  0x0000000020000e1c      0x100 CMakeFiles/serialScratch.dir/home/arun/pico/pico-sdk/src/rp2_common/pico_float/float_init_rom.c.obj
                0x0000000020000e1c                sf_table
 .bss.sleep_notifier
                0x0000000020000f1c        0x4 CMakeFiles/serialScratch.dir/home/arun/pico/pico-sdk/src/common/pico_time/time.c.obj
 .bss.target_hi
                0x0000000020000f20       0x10 CMakeFiles/serialScratch.dir/home/arun/pico/pico-sdk/src/rp2_common/hardware_timer/timer.c.obj
 .bss.uart_char_to_line_feed
                0x0000000020000f30        0x4 CMakeFiles/serialScratch.dir/home/arun/pico/pico-sdk/src/rp2_common/hardware_uart/uart.c.obj
                0x0000000020000f30                uart_char_to_line_feed
 .bss.claimed   0x0000000020000f34        0x1 CMakeFiles/serialScratch.dir/home/arun/pico/pico-sdk/src/rp2_common/hardware_timer/timer.c.obj
 .bss.irq_hander_chain_free_slot_head
                0x0000000020000f35        0x1 CMakeFiles/serialScratch.dir/home/arun/pico/pico-sdk/src/rp2_common/hardware_irq/irq.c.obj
 .bss.timer_callbacks_pending
                0x0000000020000f36        0x1 CMakeFiles/serialScratch.dir/home/arun/pico/pico-sdk/src/rp2_common/hardware_timer/timer.c.obj
 *(COMMON)
                0x0000000020000f38                . = ALIGN (0x4)
 *fill*         0x0000000020000f37        0x1 
                0x0000000020000f38                __bss_end__ = .

.heap           0x0000000020000f38      0x800
                0x0000000020000f38                __end__ = .
                0x0000000020000f38                end = __end__
 *(.heap*)
 .heap          0x0000000020000f38      0x800 CMakeFiles/serialScratch.dir/home/arun/pico/pico-sdk/src/rp2_common/pico_standard_link/crt0.S.obj
                0x0000000020001738                __HeapLimit = .

.stack1_dummy   0x0000000020040000        0x0
 *(.stack1*)

.stack_dummy    0x0000000020041000      0x800
 *(.stack*)
 .stack         0x0000000020041000      0x800 CMakeFiles/serialScratch.dir/home/arun/pico/pico-sdk/src/rp2_common/pico_standard_link/crt0.S.obj

.flash_end      0x00000000100065a8        0x0
                0x00000000100065a8                __flash_binary_end = .
                0x0000000020040000                __StackLimit = (ORIGIN (RAM) + LENGTH (RAM))
                0x0000000020041000                __StackOneTop = (ORIGIN (SCRATCH_X) + LENGTH (SCRATCH_X))
                0x0000000020042000                __StackTop = (ORIGIN (SCRATCH_Y) + LENGTH (SCRATCH_Y))
                0x0000000020041000                __StackOneBottom = (__StackOneTop - SIZEOF (.stack1_dummy))
                0x0000000020041800                __StackBottom = (__StackTop - SIZEOF (.stack_dummy))
                0x0000000020042000                PROVIDE (__stack = __StackTop)
                0x0000000000000001                ASSERT ((__StackLimit >= __HeapLimit), region RAM overflowed)
                0x0000000000000001                ASSERT (((__binary_info_header_end - __logical_binary_start) <= 0x100), Binary info must be in first 256 bytes of the binary)
LOAD CMakeFiles/serialScratch.dir/serialScratch.c.obj
LOAD CMakeFiles/serialScratch.dir/home/arun/pico/pico-sdk/src/rp2_common/pico_stdlib/stdlib.c.obj
LOAD CMakeFiles/serialScratch.dir/home/arun/pico/pico-sdk/src/rp2_common/hardware_gpio/gpio.c.obj
LOAD CMakeFiles/serialScratch.dir/home/arun/pico/pico-sdk/src/rp2_common/pico_platform/platform.c.obj
LOAD CMakeFiles/serialScratch.dir/home/arun/pico/pico-sdk/src/rp2_common/hardware_claim/claim.c.obj
LOAD CMakeFiles/serialScratch.dir/home/arun/pico/pico-sdk/src/rp2_common/hardware_sync/sync.c.obj
LOAD CMakeFiles/serialScratch.dir/home/arun/pico/pico-sdk/src/rp2_common/hardware_irq/irq.c.obj
LOAD CMakeFiles/serialScratch.dir/home/arun/pico/pico-sdk/src/rp2_common/hardware_irq/irq_handler_chain.S.obj
LOAD CMakeFiles/serialScratch.dir/home/arun/pico/pico-sdk/src/common/pico_sync/sem.c.obj
LOAD CMakeFiles/serialScratch.dir/home/arun/pico/pico-sdk/src/common/pico_sync/lock_core.c.obj
LOAD CMakeFiles/serialScratch.dir/home/arun/pico/pico-sdk/src/common/pico_sync/mutex.c.obj
LOAD CMakeFiles/serialScratch.dir/home/arun/pico/pico-sdk/src/common/pico_sync/critical_section.c.obj
LOAD CMakeFiles/serialScratch.dir/home/arun/pico/pico-sdk/src/common/pico_time/time.c.obj
LOAD CMakeFiles/serialScratch.dir/home/arun/pico/pico-sdk/src/common/pico_time/timeout_helper.c.obj
LOAD CMakeFiles/serialScratch.dir/home/arun/pico/pico-sdk/src/rp2_common/hardware_timer/timer.c.obj
LOAD CMakeFiles/serialScratch.dir/home/arun/pico/pico-sdk/src/common/pico_util/datetime.c.obj
LOAD CMakeFiles/serialScratch.dir/home/arun/pico/pico-sdk/src/common/pico_util/pheap.c.obj
LOAD CMakeFiles/serialScratch.dir/home/arun/pico/pico-sdk/src/common/pico_util/queue.c.obj
LOAD CMakeFiles/serialScratch.dir/home/arun/pico/pico-sdk/src/rp2_common/hardware_uart/uart.c.obj
LOAD CMakeFiles/serialScratch.dir/home/arun/pico/pico-sdk/src/rp2_common/hardware_clocks/clocks.c.obj
LOAD CMakeFiles/serialScratch.dir/home/arun/pico/pico-sdk/src/rp2_common/hardware_pll/pll.c.obj
LOAD CMakeFiles/serialScratch.dir/home/arun/pico/pico-sdk/src/rp2_common/hardware_vreg/vreg.c.obj
LOAD CMakeFiles/serialScratch.dir/home/arun/pico/pico-sdk/src/rp2_common/hardware_watchdog/watchdog.c.obj
LOAD CMakeFiles/serialScratch.dir/home/arun/pico/pico-sdk/src/rp2_common/hardware_xosc/xosc.c.obj
LOAD CMakeFiles/serialScratch.dir/home/arun/pico/pico-sdk/src/rp2_common/hardware_divider/divider.S.obj
LOAD CMakeFiles/serialScratch.dir/home/arun/pico/pico-sdk/src/rp2_common/pico_runtime/runtime.c.obj
LOAD CMakeFiles/serialScratch.dir/home/arun/pico/pico-sdk/src/rp2_common/pico_printf/printf.c.obj
LOAD CMakeFiles/serialScratch.dir/home/arun/pico/pico-sdk/src/rp2_common/pico_bit_ops/bit_ops_aeabi.S.obj
LOAD CMakeFiles/serialScratch.dir/home/arun/pico/pico-sdk/src/rp2_common/pico_bootrom/bootrom.c.obj
LOAD CMakeFiles/serialScratch.dir/home/arun/pico/pico-sdk/src/rp2_common/pico_divider/divider.S.obj
LOAD CMakeFiles/serialScratch.dir/home/arun/pico/pico-sdk/src/rp2_common/pico_double/double_aeabi.S.obj
LOAD CMakeFiles/serialScratch.dir/home/arun/pico/pico-sdk/src/rp2_common/pico_double/double_init_rom.c.obj
LOAD CMakeFiles/serialScratch.dir/home/arun/pico/pico-sdk/src/rp2_common/pico_double/double_math.c.obj
LOAD CMakeFiles/serialScratch.dir/home/arun/pico/pico-sdk/src/rp2_common/pico_double/double_v1_rom_shim.S.obj
LOAD CMakeFiles/serialScratch.dir/home/arun/pico/pico-sdk/src/rp2_common/pico_int64_ops/pico_int64_ops_aeabi.S.obj
LOAD CMakeFiles/serialScratch.dir/home/arun/pico/pico-sdk/src/rp2_common/pico_float/float_aeabi.S.obj
LOAD CMakeFiles/serialScratch.dir/home/arun/pico/pico-sdk/src/rp2_common/pico_float/float_init_rom.c.obj
LOAD CMakeFiles/serialScratch.dir/home/arun/pico/pico-sdk/src/rp2_common/pico_float/float_math.c.obj
LOAD CMakeFiles/serialScratch.dir/home/arun/pico/pico-sdk/src/rp2_common/pico_float/float_v1_rom_shim.S.obj
LOAD CMakeFiles/serialScratch.dir/home/arun/pico/pico-sdk/src/rp2_common/pico_malloc/pico_malloc.c.obj
LOAD CMakeFiles/serialScratch.dir/home/arun/pico/pico-sdk/src/rp2_common/pico_mem_ops/mem_ops_aeabi.S.obj
LOAD CMakeFiles/serialScratch.dir/home/arun/pico/pico-sdk/src/rp2_common/pico_standard_link/crt0.S.obj
LOAD CMakeFiles/serialScratch.dir/home/arun/pico/pico-sdk/src/rp2_common/pico_standard_link/new_delete.cpp.obj
LOAD CMakeFiles/serialScratch.dir/home/arun/pico/pico-sdk/src/rp2_common/pico_standard_link/binary_info.c.obj
LOAD CMakeFiles/serialScratch.dir/home/arun/pico/pico-sdk/src/rp2_common/pico_stdio/stdio.c.obj
LOAD CMakeFiles/serialScratch.dir/home/arun/pico/pico-sdk/src/rp2_common/pico_stdio_uart/stdio_uart.c.obj
LOAD /tmp/cc8tixuF.o
LOAD /usr/lib/gcc/arm-none-eabi/10.3.1/../../../arm-none-eabi/lib/thumb/v6-m/nofp/libstdc++.a
LOAD /usr/lib/gcc/arm-none-eabi/10.3.1/../../../arm-none-eabi/lib/thumb/v6-m/nofp/libm.a
START GROUP
LOAD /usr/lib/gcc/arm-none-eabi/10.3.1/thumb/v6-m/nofp/libgcc.a
LOAD /usr/lib/gcc/arm-none-eabi/10.3.1/../../../arm-none-eabi/lib/thumb/v6-m/nofp/libg.a
LOAD /usr/lib/gcc/arm-none-eabi/10.3.1/../../../arm-none-eabi/lib/thumb/v6-m/nofp/libc.a
END GROUP
START GROUP
LOAD /usr/lib/gcc/arm-none-eabi/10.3.1/thumb/v6-m/nofp/libgcc.a
LOAD /usr/lib/gcc/arm-none-eabi/10.3.1/../../../arm-none-eabi/lib/thumb/v6-m/nofp/libc.a
LOAD /usr/lib/gcc/arm-none-eabi/10.3.1/../../../arm-none-eabi/lib/thumb/v6-m/nofp/libnosys.a
END GROUP
LOAD /usr/lib/gcc/arm-none-eabi/10.3.1/thumb/v6-m/nofp/crtend.o
LOAD /usr/lib/gcc/arm-none-eabi/10.3.1/thumb/v6-m/nofp/crtn.o
OUTPUT(serialScratch.elf elf32-littlearm)
LOAD linker stubs

.ARM.attributes
                0x0000000000000000       0x28
 .ARM.attributes
                0x0000000000000000       0x1e /usr/lib/gcc/arm-none-eabi/10.3.1/thumb/v6-m/nofp/crti.o
 .ARM.attributes
                0x000000000000001e       0x2c /usr/lib/gcc/arm-none-eabi/10.3.1/thumb/v6-m/nofp/crtbegin.o
 .ARM.attributes
                0x000000000000004a       0x2c CMakeFiles/serialScratch.dir/serialScratch.c.obj
 .ARM.attributes
                0x0000000000000076       0x2c CMakeFiles/serialScratch.dir/home/arun/pico/pico-sdk/src/rp2_common/hardware_gpio/gpio.c.obj
 .ARM.attributes
                0x00000000000000a2       0x2c CMakeFiles/serialScratch.dir/home/arun/pico/pico-sdk/src/rp2_common/pico_platform/platform.c.obj
 .ARM.attributes
                0x00000000000000ce       0x2c CMakeFiles/serialScratch.dir/home/arun/pico/pico-sdk/src/rp2_common/hardware_claim/claim.c.obj
 .ARM.attributes
                0x00000000000000fa       0x2c CMakeFiles/serialScratch.dir/home/arun/pico/pico-sdk/src/rp2_common/hardware_sync/sync.c.obj
 .ARM.attributes
                0x0000000000000126       0x2c CMakeFiles/serialScratch.dir/home/arun/pico/pico-sdk/src/rp2_common/hardware_irq/irq.c.obj
 .ARM.attributes
                0x0000000000000152       0x22 CMakeFiles/serialScratch.dir/home/arun/pico/pico-sdk/src/rp2_common/hardware_irq/irq_handler_chain.S.obj
 .ARM.attributes
                0x0000000000000174       0x2c CMakeFiles/serialScratch.dir/home/arun/pico/pico-sdk/src/common/pico_sync/lock_core.c.obj
 .ARM.attributes
                0x00000000000001a0       0x2c CMakeFiles/serialScratch.dir/home/arun/pico/pico-sdk/src/common/pico_sync/mutex.c.obj
 .ARM.attributes
                0x00000000000001cc       0x2c CMakeFiles/serialScratch.dir/home/arun/pico/pico-sdk/src/common/pico_time/time.c.obj
 .ARM.attributes
                0x00000000000001f8       0x2c CMakeFiles/serialScratch.dir/home/arun/pico/pico-sdk/src/rp2_common/hardware_timer/timer.c.obj
 .ARM.attributes
                0x0000000000000224       0x2c CMakeFiles/serialScratch.dir/home/arun/pico/pico-sdk/src/common/pico_util/pheap.c.obj
 .ARM.attributes
                0x0000000000000250       0x2c CMakeFiles/serialScratch.dir/home/arun/pico/pico-sdk/src/rp2_common/hardware_uart/uart.c.obj
 .ARM.attributes
                0x000000000000027c       0x2c CMakeFiles/serialScratch.dir/home/arun/pico/pico-sdk/src/rp2_common/hardware_clocks/clocks.c.obj
 .ARM.attributes
                0x00000000000002a8       0x2c CMakeFiles/serialScratch.dir/home/arun/pico/pico-sdk/src/rp2_common/hardware_pll/pll.c.obj
 .ARM.attributes
                0x00000000000002d4       0x2c CMakeFiles/serialScratch.dir/home/arun/pico/pico-sdk/src/rp2_common/hardware_watchdog/watchdog.c.obj
 .ARM.attributes
                0x0000000000000300       0x2c CMakeFiles/serialScratch.dir/home/arun/pico/pico-sdk/src/rp2_common/hardware_xosc/xosc.c.obj
 .ARM.attributes
                0x000000000000032c       0x2c CMakeFiles/serialScratch.dir/home/arun/pico/pico-sdk/src/rp2_common/pico_runtime/runtime.c.obj
 .ARM.attributes
                0x0000000000000358       0x2c CMakeFiles/serialScratch.dir/home/arun/pico/pico-sdk/src/rp2_common/pico_printf/printf.c.obj
 .ARM.attributes
                0x0000000000000384       0x22 CMakeFiles/serialScratch.dir/home/arun/pico/pico-sdk/src/rp2_common/pico_bit_ops/bit_ops_aeabi.S.obj
 .ARM.attributes
                0x00000000000003a6       0x2c CMakeFiles/serialScratch.dir/home/arun/pico/pico-sdk/src/rp2_common/pico_bootrom/bootrom.c.obj
 .ARM.attributes
                0x00000000000003d2       0x22 CMakeFiles/serialScratch.dir/home/arun/pico/pico-sdk/src/rp2_common/pico_divider/divider.S.obj
 .ARM.attributes
                0x00000000000003f4       0x22 CMakeFiles/serialScratch.dir/home/arun/pico/pico-sdk/src/rp2_common/pico_double/double_aeabi.S.obj
 .ARM.attributes
                0x0000000000000416       0x2c CMakeFiles/serialScratch.dir/home/arun/pico/pico-sdk/src/rp2_common/pico_double/double_init_rom.c.obj
 .ARM.attributes
                0x0000000000000442       0x22 CMakeFiles/serialScratch.dir/home/arun/pico/pico-sdk/src/rp2_common/pico_double/double_v1_rom_shim.S.obj
 .ARM.attributes
                0x0000000000000464       0x22 CMakeFiles/serialScratch.dir/home/arun/pico/pico-sdk/src/rp2_common/pico_float/float_aeabi.S.obj
 .ARM.attributes
                0x0000000000000486       0x2c CMakeFiles/serialScratch.dir/home/arun/pico/pico-sdk/src/rp2_common/pico_float/float_init_rom.c.obj
 .ARM.attributes
                0x00000000000004b2       0x22 CMakeFiles/serialScratch.dir/home/arun/pico/pico-sdk/src/rp2_common/pico_float/float_v1_rom_shim.S.obj
 .ARM.attributes
                0x00000000000004d4       0x2c CMakeFiles/serialScratch.dir/home/arun/pico/pico-sdk/src/rp2_common/pico_malloc/pico_malloc.c.obj
 .ARM.attributes
                0x0000000000000500       0x22 CMakeFiles/serialScratch.dir/home/arun/pico/pico-sdk/src/rp2_common/pico_mem_ops/mem_ops_aeabi.S.obj
 .ARM.attributes
                0x0000000000000522       0x22 CMakeFiles/serialScratch.dir/home/arun/pico/pico-sdk/src/rp2_common/pico_standard_link/crt0.S.obj
 .ARM.attributes
                0x0000000000000544       0x32 CMakeFiles/serialScratch.dir/home/arun/pico/pico-sdk/src/rp2_common/pico_standard_link/binary_info.c.obj
 .ARM.attributes
                0x0000000000000576       0x2c CMakeFiles/serialScratch.dir/home/arun/pico/pico-sdk/src/rp2_common/pico_stdio/stdio.c.obj
 .ARM.attributes
                0x00000000000005a2       0x22 /tmp/cc8tixuF.o
 .ARM.attributes
                0x00000000000005c4       0x1e /usr/lib/gcc/arm-none-eabi/10.3.1/thumb/v6-m/nofp/libgcc.a(_dvmd_tls.o)
 .ARM.attributes
                0x00000000000005e2       0x2c /usr/lib/gcc/arm-none-eabi/10.3.1/../../../arm-none-eabi/lib/thumb/v6-m/nofp/libg.a(lib_a-calloc.o)
 .ARM.attributes
                0x000000000000060e       0x2c /usr/lib/gcc/arm-none-eabi/10.3.1/../../../arm-none-eabi/lib/thumb/v6-m/nofp/libg.a(lib_a-callocr.o)
 .ARM.attributes
                0x000000000000063a       0x2c /usr/lib/gcc/arm-none-eabi/10.3.1/../../../arm-none-eabi/lib/thumb/v6-m/nofp/libg.a(lib_a-impure.o)
 .ARM.attributes
                0x0000000000000666       0x2c /usr/lib/gcc/arm-none-eabi/10.3.1/../../../arm-none-eabi/lib/thumb/v6-m/nofp/libg.a(lib_a-malloc.o)
 .ARM.attributes
                0x0000000000000692       0x2c /usr/lib/gcc/arm-none-eabi/10.3.1/../../../arm-none-eabi/lib/thumb/v6-m/nofp/libg.a(lib_a-mallocr.o)
 .ARM.attributes
                0x00000000000006be       0x2c /usr/lib/gcc/arm-none-eabi/10.3.1/../../../arm-none-eabi/lib/thumb/v6-m/nofp/libg.a(lib_a-mlock.o)
 .ARM.attributes
                0x00000000000006ea       0x2c /usr/lib/gcc/arm-none-eabi/10.3.1/../../../arm-none-eabi/lib/thumb/v6-m/nofp/libg.a(lib_a-sbrkr.o)
 .ARM.attributes
                0x0000000000000716       0x2c /usr/lib/gcc/arm-none-eabi/10.3.1/../../../arm-none-eabi/lib/thumb/v6-m/nofp/libg.a(lib_a-strlen-stub.o)
 .ARM.attributes
                0x0000000000000742       0x2c /usr/lib/gcc/arm-none-eabi/10.3.1/../../../arm-none-eabi/lib/thumb/v6-m/nofp/libg.a(lib_a-freer.o)
 .ARM.attributes
                0x000000000000076e       0x2c /usr/lib/gcc/arm-none-eabi/10.3.1/../../../arm-none-eabi/lib/thumb/v6-m/nofp/libg.a(lib_a-reent.o)
 .ARM.attributes
                0x000000000000079a       0x2c /usr/lib/gcc/arm-none-eabi/10.3.1/thumb/v6-m/nofp/crtend.o

.comment        0x0000000000000000       0x33
 .comment       0x0000000000000000       0x33 /usr/lib/gcc/arm-none-eabi/10.3.1/thumb/v6-m/nofp/crtbegin.o
                                         0x34 (size before relaxing)
 .comment       0x0000000000000033       0x34 CMakeFiles/serialScratch.dir/serialScratch.c.obj
 .comment       0x0000000000000033       0x34 CMakeFiles/serialScratch.dir/home/arun/pico/pico-sdk/src/rp2_common/hardware_gpio/gpio.c.obj
 .comment       0x0000000000000033       0x34 CMakeFiles/serialScratch.dir/home/arun/pico/pico-sdk/src/rp2_common/pico_platform/platform.c.obj
 .comment       0x0000000000000033       0x34 CMakeFiles/serialScratch.dir/home/arun/pico/pico-sdk/src/rp2_common/hardware_claim/claim.c.obj
 .comment       0x0000000000000033       0x34 CMakeFiles/serialScratch.dir/home/arun/pico/pico-sdk/src/rp2_common/hardware_sync/sync.c.obj
 .comment       0x0000000000000033       0x34 CMakeFiles/serialScratch.dir/home/arun/pico/pico-sdk/src/rp2_common/hardware_irq/irq.c.obj
 .comment       0x0000000000000033       0x34 CMakeFiles/serialScratch.dir/home/arun/pico/pico-sdk/src/common/pico_sync/lock_core.c.obj
 .comment       0x0000000000000033       0x34 CMakeFiles/serialScratch.dir/home/arun/pico/pico-sdk/src/common/pico_sync/mutex.c.obj
 .comment       0x0000000000000033       0x34 CMakeFiles/serialScratch.dir/home/arun/pico/pico-sdk/src/common/pico_time/time.c.obj
 .comment       0x0000000000000033       0x34 CMakeFiles/serialScratch.dir/home/arun/pico/pico-sdk/src/rp2_common/hardware_timer/timer.c.obj
 .comment       0x0000000000000033       0x34 CMakeFiles/serialScratch.dir/home/arun/pico/pico-sdk/src/common/pico_util/pheap.c.obj
 .comment       0x0000000000000033       0x34 CMakeFiles/serialScratch.dir/home/arun/pico/pico-sdk/src/rp2_common/hardware_uart/uart.c.obj
 .comment       0x0000000000000033       0x34 CMakeFiles/serialScratch.dir/home/arun/pico/pico-sdk/src/rp2_common/hardware_clocks/clocks.c.obj
 .comment       0x0000000000000033       0x34 CMakeFiles/serialScratch.dir/home/arun/pico/pico-sdk/src/rp2_common/hardware_pll/pll.c.obj
 .comment       0x0000000000000033       0x34 CMakeFiles/serialScratch.dir/home/arun/pico/pico-sdk/src/rp2_common/hardware_watchdog/watchdog.c.obj
 .comment       0x0000000000000033       0x34 CMakeFiles/serialScratch.dir/home/arun/pico/pico-sdk/src/rp2_common/hardware_xosc/xosc.c.obj
 .comment       0x0000000000000033       0x34 CMakeFiles/serialScratch.dir/home/arun/pico/pico-sdk/src/rp2_common/pico_runtime/runtime.c.obj
 .comment       0x0000000000000033       0x34 CMakeFiles/serialScratch.dir/home/arun/pico/pico-sdk/src/rp2_common/pico_printf/printf.c.obj
 .comment       0x0000000000000033       0x34 CMakeFiles/serialScratch.dir/home/arun/pico/pico-sdk/src/rp2_common/pico_bootrom/bootrom.c.obj
 .comment       0x0000000000000033       0x34 CMakeFiles/serialScratch.dir/home/arun/pico/pico-sdk/src/rp2_common/pico_double/double_init_rom.c.obj
 .comment       0x0000000000000033       0x34 CMakeFiles/serialScratch.dir/home/arun/pico/pico-sdk/src/rp2_common/pico_float/float_init_rom.c.obj
 .comment       0x0000000000000033       0x34 CMakeFiles/serialScratch.dir/home/arun/pico/pico-sdk/src/rp2_common/pico_malloc/pico_malloc.c.obj
 .comment       0x0000000000000033       0x34 CMakeFiles/serialScratch.dir/home/arun/pico/pico-sdk/src/rp2_common/pico_standard_link/binary_info.c.obj
 .comment       0x0000000000000033       0x34 CMakeFiles/serialScratch.dir/home/arun/pico/pico-sdk/src/rp2_common/pico_stdio/stdio.c.obj
 .comment       0x0000000000000033       0x34 /usr/lib/gcc/arm-none-eabi/10.3.1/../../../arm-none-eabi/lib/thumb/v6-m/nofp/libg.a(lib_a-calloc.o)
 .comment       0x0000000000000033       0x34 /usr/lib/gcc/arm-none-eabi/10.3.1/../../../arm-none-eabi/lib/thumb/v6-m/nofp/libg.a(lib_a-callocr.o)
 .comment       0x0000000000000033       0x34 /usr/lib/gcc/arm-none-eabi/10.3.1/../../../arm-none-eabi/lib/thumb/v6-m/nofp/libg.a(lib_a-impure.o)
 .comment       0x0000000000000033       0x34 /usr/lib/gcc/arm-none-eabi/10.3.1/../../../arm-none-eabi/lib/thumb/v6-m/nofp/libg.a(lib_a-malloc.o)
 .comment       0x0000000000000033       0x34 /usr/lib/gcc/arm-none-eabi/10.3.1/../../../arm-none-eabi/lib/thumb/v6-m/nofp/libg.a(lib_a-mallocr.o)
 .comment       0x0000000000000033       0x34 /usr/lib/gcc/arm-none-eabi/10.3.1/../../../arm-none-eabi/lib/thumb/v6-m/nofp/libg.a(lib_a-mlock.o)
 .comment       0x0000000000000033       0x34 /usr/lib/gcc/arm-none-eabi/10.3.1/../../../arm-none-eabi/lib/thumb/v6-m/nofp/libg.a(lib_a-sbrkr.o)
 .comment       0x0000000000000033       0x34 /usr/lib/gcc/arm-none-eabi/10.3.1/../../../arm-none-eabi/lib/thumb/v6-m/nofp/libg.a(lib_a-strlen-stub.o)
 .comment       0x0000000000000033       0x34 /usr/lib/gcc/arm-none-eabi/10.3.1/../../../arm-none-eabi/lib/thumb/v6-m/nofp/libg.a(lib_a-freer.o)
 .comment       0x0000000000000033       0x34 /usr/lib/gcc/arm-none-eabi/10.3.1/../../../arm-none-eabi/lib/thumb/v6-m/nofp/libg.a(lib_a-reent.o)
 .comment       0x0000000000000033       0x34 /usr/lib/gcc/arm-none-eabi/10.3.1/thumb/v6-m/nofp/crtend.o

.debug_info     0x0000000000000000    0x1b05a
 .debug_info    0x0000000000000000      0xd76 CMakeFiles/serialScratch.dir/serialScratch.c.obj
 .debug_info    0x0000000000000d76     0x16b4 CMakeFiles/serialScratch.dir/home/arun/pico/pico-sdk/src/rp2_common/hardware_gpio/gpio.c.obj
 .debug_info    0x000000000000242a      0x1cb CMakeFiles/serialScratch.dir/home/arun/pico/pico-sdk/src/rp2_common/pico_platform/platform.c.obj
 .debug_info    0x00000000000025f5      0x6a4 CMakeFiles/serialScratch.dir/home/arun/pico/pico-sdk/src/rp2_common/hardware_claim/claim.c.obj
 .debug_info    0x0000000000002c99      0x576 CMakeFiles/serialScratch.dir/home/arun/pico/pico-sdk/src/rp2_common/hardware_sync/sync.c.obj
 .debug_info    0x000000000000320f     0x1c54 CMakeFiles/serialScratch.dir/home/arun/pico/pico-sdk/src/rp2_common/hardware_irq/irq.c.obj
 .debug_info    0x0000000000004e63      0x198 CMakeFiles/serialScratch.dir/home/arun/pico/pico-sdk/src/common/pico_sync/lock_core.c.obj
 .debug_info    0x0000000000004ffb     0x2097 CMakeFiles/serialScratch.dir/home/arun/pico/pico-sdk/src/common/pico_sync/mutex.c.obj
 .debug_info    0x0000000000007092     0x402a CMakeFiles/serialScratch.dir/home/arun/pico/pico-sdk/src/common/pico_time/time.c.obj
 .debug_info    0x000000000000b0bc     0x13b2 CMakeFiles/serialScratch.dir/home/arun/pico/pico-sdk/src/rp2_common/hardware_timer/timer.c.obj
 .debug_info    0x000000000000c46e     0x123b CMakeFiles/serialScratch.dir/home/arun/pico/pico-sdk/src/common/pico_util/pheap.c.obj
 .debug_info    0x000000000000d6a9      0xb4d CMakeFiles/serialScratch.dir/home/arun/pico/pico-sdk/src/rp2_common/hardware_uart/uart.c.obj
 .debug_info    0x000000000000e1f6      0xf5d CMakeFiles/serialScratch.dir/home/arun/pico/pico-sdk/src/rp2_common/hardware_clocks/clocks.c.obj
 .debug_info    0x000000000000f153      0x503 CMakeFiles/serialScratch.dir/home/arun/pico/pico-sdk/src/rp2_common/hardware_pll/pll.c.obj
 .debug_info    0x000000000000f656      0x4ee CMakeFiles/serialScratch.dir/home/arun/pico/pico-sdk/src/rp2_common/hardware_watchdog/watchdog.c.obj
 .debug_info    0x000000000000fb44      0x1c0 CMakeFiles/serialScratch.dir/home/arun/pico/pico-sdk/src/rp2_common/hardware_xosc/xosc.c.obj
 .debug_info    0x000000000000fd04     0x1028 CMakeFiles/serialScratch.dir/home/arun/pico/pico-sdk/src/rp2_common/pico_runtime/runtime.c.obj
 .debug_info    0x0000000000010d2c     0x1a47 CMakeFiles/serialScratch.dir/home/arun/pico/pico-sdk/src/rp2_common/pico_printf/printf.c.obj
 .debug_info    0x0000000000012773       0x22 CMakeFiles/serialScratch.dir/home/arun/pico/pico-sdk/src/rp2_common/pico_bit_ops/bit_ops_aeabi.S.obj
 .debug_info    0x0000000000012795      0x258 CMakeFiles/serialScratch.dir/home/arun/pico/pico-sdk/src/rp2_common/pico_bootrom/bootrom.c.obj
 .debug_info    0x00000000000129ed       0x22 CMakeFiles/serialScratch.dir/home/arun/pico/pico-sdk/src/rp2_common/pico_divider/divider.S.obj
 .debug_info    0x0000000000012a0f       0x22 CMakeFiles/serialScratch.dir/home/arun/pico/pico-sdk/src/rp2_common/pico_double/double_aeabi.S.obj
 .debug_info    0x0000000000012a31      0x2a1 CMakeFiles/serialScratch.dir/home/arun/pico/pico-sdk/src/rp2_common/pico_double/double_init_rom.c.obj
 .debug_info    0x0000000000012cd2       0x22 CMakeFiles/serialScratch.dir/home/arun/pico/pico-sdk/src/rp2_common/pico_double/double_v1_rom_shim.S.obj
 .debug_info    0x0000000000012cf4       0x22 CMakeFiles/serialScratch.dir/home/arun/pico/pico-sdk/src/rp2_common/pico_float/float_aeabi.S.obj
 .debug_info    0x0000000000012d16      0x2bb CMakeFiles/serialScratch.dir/home/arun/pico/pico-sdk/src/rp2_common/pico_float/float_init_rom.c.obj
 .debug_info    0x0000000000012fd1       0x22 CMakeFiles/serialScratch.dir/home/arun/pico/pico-sdk/src/rp2_common/pico_float/float_v1_rom_shim.S.obj
 .debug_info    0x0000000000012ff3      0x334 CMakeFiles/serialScratch.dir/home/arun/pico/pico-sdk/src/rp2_common/pico_malloc/pico_malloc.c.obj
 .debug_info    0x0000000000013327       0x22 CMakeFiles/serialScratch.dir/home/arun/pico/pico-sdk/src/rp2_common/pico_mem_ops/mem_ops_aeabi.S.obj
 .debug_info    0x0000000000013349       0x22 CMakeFiles/serialScratch.dir/home/arun/pico/pico-sdk/src/rp2_common/pico_standard_link/crt0.S.obj
 .debug_info    0x000000000001336b      0x2f7 CMakeFiles/serialScratch.dir/home/arun/pico/pico-sdk/src/rp2_common/pico_standard_link/binary_info.c.obj
 .debug_info    0x0000000000013662     0x1821 CMakeFiles/serialScratch.dir/home/arun/pico/pico-sdk/src/rp2_common/pico_stdio/stdio.c.obj
 .debug_info    0x0000000000014e83       0x26 /usr/lib/gcc/arm-none-eabi/10.3.1/thumb/v6-m/nofp/libgcc.a(_dvmd_tls.o)
 .debug_info    0x0000000000014ea9      0x96a /usr/lib/gcc/arm-none-eabi/10.3.1/../../../arm-none-eabi/lib/thumb/v6-m/nofp/libg.a(lib_a-calloc.o)
 .debug_info    0x0000000000015813      0xa81 /usr/lib/gcc/arm-none-eabi/10.3.1/../../../arm-none-eabi/lib/thumb/v6-m/nofp/libg.a(lib_a-callocr.o)
 .debug_info    0x0000000000016294      0x92a /usr/lib/gcc/arm-none-eabi/10.3.1/../../../arm-none-eabi/lib/thumb/v6-m/nofp/libg.a(lib_a-impure.o)
 .debug_info    0x0000000000016bbe      0x998 /usr/lib/gcc/arm-none-eabi/10.3.1/../../../arm-none-eabi/lib/thumb/v6-m/nofp/libg.a(lib_a-malloc.o)
 .debug_info    0x0000000000017556      0xe80 /usr/lib/gcc/arm-none-eabi/10.3.1/../../../arm-none-eabi/lib/thumb/v6-m/nofp/libg.a(lib_a-mallocr.o)
 .debug_info    0x00000000000183d6      0x942 /usr/lib/gcc/arm-none-eabi/10.3.1/../../../arm-none-eabi/lib/thumb/v6-m/nofp/libg.a(lib_a-mlock.o)
 .debug_info    0x0000000000018d18      0x98e /usr/lib/gcc/arm-none-eabi/10.3.1/../../../arm-none-eabi/lib/thumb/v6-m/nofp/libg.a(lib_a-sbrkr.o)
 .debug_info    0x00000000000196a6       0xee /usr/lib/gcc/arm-none-eabi/10.3.1/../../../arm-none-eabi/lib/thumb/v6-m/nofp/libg.a(lib_a-strlen-stub.o)
 .debug_info    0x0000000000019794      0xce5 /usr/lib/gcc/arm-none-eabi/10.3.1/../../../arm-none-eabi/lib/thumb/v6-m/nofp/libg.a(lib_a-freer.o)
 .debug_info    0x000000000001a479      0xbe1 /usr/lib/gcc/arm-none-eabi/10.3.1/../../../arm-none-eabi/lib/thumb/v6-m/nofp/libg.a(lib_a-reent.o)

.debug_abbrev   0x0000000000000000     0x55b0
 .debug_abbrev  0x0000000000000000      0x30d CMakeFiles/serialScratch.dir/serialScratch.c.obj
 .debug_abbrev  0x000000000000030d      0x339 CMakeFiles/serialScratch.dir/home/arun/pico/pico-sdk/src/rp2_common/hardware_gpio/gpio.c.obj
 .debug_abbrev  0x0000000000000646       0xeb CMakeFiles/serialScratch.dir/home/arun/pico/pico-sdk/src/rp2_common/pico_platform/platform.c.obj
 .debug_abbrev  0x0000000000000731      0x2e9 CMakeFiles/serialScratch.dir/home/arun/pico/pico-sdk/src/rp2_common/hardware_claim/claim.c.obj
 .debug_abbrev  0x0000000000000a1a      0x21b CMakeFiles/serialScratch.dir/home/arun/pico/pico-sdk/src/rp2_common/hardware_sync/sync.c.obj
 .debug_abbrev  0x0000000000000c35      0x4e7 CMakeFiles/serialScratch.dir/home/arun/pico/pico-sdk/src/rp2_common/hardware_irq/irq.c.obj
 .debug_abbrev  0x000000000000111c      0x116 CMakeFiles/serialScratch.dir/home/arun/pico/pico-sdk/src/common/pico_sync/lock_core.c.obj
 .debug_abbrev  0x0000000000001232      0x397 CMakeFiles/serialScratch.dir/home/arun/pico/pico-sdk/src/common/pico_sync/mutex.c.obj
 .debug_abbrev  0x00000000000015c9      0x571 CMakeFiles/serialScratch.dir/home/arun/pico/pico-sdk/src/common/pico_time/time.c.obj
 .debug_abbrev  0x0000000000001b3a      0x3b8 CMakeFiles/serialScratch.dir/home/arun/pico/pico-sdk/src/rp2_common/hardware_timer/timer.c.obj
 .debug_abbrev  0x0000000000001ef2      0x297 CMakeFiles/serialScratch.dir/home/arun/pico/pico-sdk/src/common/pico_util/pheap.c.obj
 .debug_abbrev  0x0000000000002189      0x2d2 CMakeFiles/serialScratch.dir/home/arun/pico/pico-sdk/src/rp2_common/hardware_uart/uart.c.obj
 .debug_abbrev  0x000000000000245b      0x3a5 CMakeFiles/serialScratch.dir/home/arun/pico/pico-sdk/src/rp2_common/hardware_clocks/clocks.c.obj
 .debug_abbrev  0x0000000000002800      0x1ea CMakeFiles/serialScratch.dir/home/arun/pico/pico-sdk/src/rp2_common/hardware_pll/pll.c.obj
 .debug_abbrev  0x00000000000029ea      0x1a8 CMakeFiles/serialScratch.dir/home/arun/pico/pico-sdk/src/rp2_common/hardware_watchdog/watchdog.c.obj
 .debug_abbrev  0x0000000000002b92      0x109 CMakeFiles/serialScratch.dir/home/arun/pico/pico-sdk/src/rp2_common/hardware_xosc/xosc.c.obj
 .debug_abbrev  0x0000000000002c9b      0x4ba CMakeFiles/serialScratch.dir/home/arun/pico/pico-sdk/src/rp2_common/pico_runtime/runtime.c.obj
 .debug_abbrev  0x0000000000003155      0x384 CMakeFiles/serialScratch.dir/home/arun/pico/pico-sdk/src/rp2_common/pico_printf/printf.c.obj
 .debug_abbrev  0x00000000000034d9       0x12 CMakeFiles/serialScratch.dir/home/arun/pico/pico-sdk/src/rp2_common/pico_bit_ops/bit_ops_aeabi.S.obj
 .debug_abbrev  0x00000000000034eb      0x13b CMakeFiles/serialScratch.dir/home/arun/pico/pico-sdk/src/rp2_common/pico_bootrom/bootrom.c.obj
 .debug_abbrev  0x0000000000003626       0x12 CMakeFiles/serialScratch.dir/home/arun/pico/pico-sdk/src/rp2_common/pico_divider/divider.S.obj
 .debug_abbrev  0x0000000000003638       0x12 CMakeFiles/serialScratch.dir/home/arun/pico/pico-sdk/src/rp2_common/pico_double/double_aeabi.S.obj
 .debug_abbrev  0x000000000000364a      0x179 CMakeFiles/serialScratch.dir/home/arun/pico/pico-sdk/src/rp2_common/pico_double/double_init_rom.c.obj
 .debug_abbrev  0x00000000000037c3       0x12 CMakeFiles/serialScratch.dir/home/arun/pico/pico-sdk/src/rp2_common/pico_double/double_v1_rom_shim.S.obj
 .debug_abbrev  0x00000000000037d5       0x12 CMakeFiles/serialScratch.dir/home/arun/pico/pico-sdk/src/rp2_common/pico_float/float_aeabi.S.obj
 .debug_abbrev  0x00000000000037e7      0x18c CMakeFiles/serialScratch.dir/home/arun/pico/pico-sdk/src/rp2_common/pico_float/float_init_rom.c.obj
 .debug_abbrev  0x0000000000003973       0x12 CMakeFiles/serialScratch.dir/home/arun/pico/pico-sdk/src/rp2_common/pico_float/float_v1_rom_shim.S.obj
 .debug_abbrev  0x0000000000003985      0x159 CMakeFiles/serialScratch.dir/home/arun/pico/pico-sdk/src/rp2_common/pico_malloc/pico_malloc.c.obj
 .debug_abbrev  0x0000000000003ade       0x12 CMakeFiles/serialScratch.dir/home/arun/pico/pico-sdk/src/rp2_common/pico_mem_ops/mem_ops_aeabi.S.obj
 .debug_abbrev  0x0000000000003af0       0x12 CMakeFiles/serialScratch.dir/home/arun/pico/pico-sdk/src/rp2_common/pico_standard_link/crt0.S.obj
 .debug_abbrev  0x0000000000003b02       0xad CMakeFiles/serialScratch.dir/home/arun/pico/pico-sdk/src/rp2_common/pico_standard_link/binary_info.c.obj
 .debug_abbrev  0x0000000000003baf      0x4a5 CMakeFiles/serialScratch.dir/home/arun/pico/pico-sdk/src/rp2_common/pico_stdio/stdio.c.obj
 .debug_abbrev  0x0000000000004054       0x14 /usr/lib/gcc/arm-none-eabi/10.3.1/thumb/v6-m/nofp/libgcc.a(_dvmd_tls.o)